stm32l4xx_ll_usb.c:83:19:USB_CoreInit	24	static
stm32l4xx_ll_usb.c:114:19:USB_SetTurnaroundTime	32	static
stm32l4xx_ll_usb.c:193:19:USB_EnableGlobalInt	16	static
stm32l4xx_ll_usb.c:205:19:USB_DisableGlobalInt	16	static
stm32l4xx_ll_usb.c:220:19:USB_SetCurrentMode	24	static
stm32l4xx_ll_usb.c:267:19:USB_DevInit	32	static
stm32l4xx_ll_usb.c:403:19:USB_FlushTxFifo	24	static
stm32l4xx_ll_usb.c:436:19:USB_FlushRxFifo	24	static
stm32l4xx_ll_usb.c:473:19:USB_SetDevSpeed	24	static
stm32l4xx_ll_usb.c:488:9:USB_GetDevSpeed	32	static
stm32l4xx_ll_usb.c:513:19:USB_ActivateEndpoint	24	static
stm32l4xx_ll_usb.c:551:19:USB_ActivateDedicatedEndpoint	24	static
stm32l4xx_ll_usb.c:590:19:USB_DeactivateEndpoint	24	static
stm32l4xx_ll_usb.c:637:19:USB_DeactivateDedicatedEndpoint	24	static
stm32l4xx_ll_usb.c:675:19:USB_EPStartXfer	32	static
stm32l4xx_ll_usb.c:781:19:USB_EP0StartXfer	24	static
stm32l4xx_ll_usb.c:854:19:USB_EPStopXfer	32	static
stm32l4xx_ll_usb.c:910:19:USB_WritePacket	40	static
stm32l4xx_ll_usb.c:938:7:USB_ReadPacket	48	static
stm32l4xx_ll_usb.c:980:19:USB_EPSetStall	24	static
stm32l4xx_ll_usb.c:1011:19:USB_EPClearStall	24	static
stm32l4xx_ll_usb.c:1040:19:USB_StopDevice	32	static
stm32l4xx_ll_usb.c:1081:20:USB_SetDevAddress	24	static
stm32l4xx_ll_usb.c:1096:20:USB_DevConnect	24	static
stm32l4xx_ll_usb.c:1113:20:USB_DevDisconnect	24	static
stm32l4xx_ll_usb.c:1130:11:USB_ReadInterrupts	24	static
stm32l4xx_ll_usb.c:1145:10:USB_ReadDevAllOutEpInterrupt	24	static
stm32l4xx_ll_usb.c:1161:10:USB_ReadDevAllInEpInterrupt	24	static
stm32l4xx_ll_usb.c:1179:10:USB_ReadDevOutEPInterrupt	24	static
stm32l4xx_ll_usb.c:1197:10:USB_ReadDevInEPInterrupt	32	static
stm32l4xx_ll_usb.c:1218:7:USB_ClearInterrupts	16	static
stm32l4xx_ll_usb.c:1231:10:USB_GetMode	16	static
stm32l4xx_ll_usb.c:1241:20:USB_ActivateSetup	24	static
stm32l4xx_ll_usb.c:1259:19:USB_EP0_OutStart	24	static
stm32l4xx_ll_usb.c:1286:26:USB_CoreReset	24	static
stm32l4xx_ll_usb.c:1322:19:USB_HostInit	32	static
stm32l4xx_ll_usb.c:1389:19:USB_InitFSLSPClkSel	24	static
stm32l4xx_ll_usb.c:1419:19:USB_ResetPort	24	static
stm32l4xx_ll_usb.c:1446:19:USB_DriveVbus	24	static
stm32l4xx_ll_usb.c:1475:10:USB_GetHostSpeed	24	static
stm32l4xx_ll_usb.c:1489:10:USB_GetCurrentFrame	24	static
stm32l4xx_ll_usb.c:1519:19:USB_HC_Init	40	static
stm32l4xx_ll_usb.c:1633:19:USB_HC_StartXfer	40	static
stm32l4xx_ll_usb.c:1743:10:USB_HC_ReadInterrupt	24	static
stm32l4xx_ll_usb.c:1757:19:USB_HC_Halt	40	static
stm32l4xx_ll_usb.c:1828:19:USB_DoPing	32	static
stm32l4xx_ll_usb.c:1852:19:USB_StopHost	40	static
stm32l4xx_ll_usb.c:1915:19:USB_ActivateRemoteWakeup	24	static
stm32l4xx_ll_usb.c:1933:19:USB_DeActivateRemoteWakeup	24	static
