Archive member included to satisfy reference by file (symbol)

/opt/st/stm32cubeide_1.4.0/plugins/com.st.stm32cube.ide.mcu.externaltools.gnu-tools-for-stm32.9-2020-q2-update.linux64_2.0.0.202105311346/tools/bin/../lib/gcc/arm-none-eabi/9.3.1/../../../../arm-none-eabi/lib/thumb/v7e-m+fp/hard/libc_nano.a(lib_a-errno.o)
                              ./Core/Src/syscalls.o (__errno)
/opt/st/stm32cubeide_1.4.0/plugins/com.st.stm32cube.ide.mcu.externaltools.gnu-tools-for-stm32.9-2020-q2-update.linux64_2.0.0.202105311346/tools/bin/../lib/gcc/arm-none-eabi/9.3.1/../../../../arm-none-eabi/lib/thumb/v7e-m+fp/hard/libc_nano.a(lib_a-exit.o)
                              /opt/st/stm32cubeide_1.4.0/plugins/com.st.stm32cube.ide.mcu.externaltools.gnu-tools-for-stm32.9-2020-q2-update.linux64_2.0.0.202105311346/tools/bin/../lib/gcc/arm-none-eabi/9.3.1/../../../../arm-none-eabi/lib/thumb/v7e-m+fp/hard/crt0.o (exit)
/opt/st/stm32cubeide_1.4.0/plugins/com.st.stm32cube.ide.mcu.externaltools.gnu-tools-for-stm32.9-2020-q2-update.linux64_2.0.0.202105311346/tools/bin/../lib/gcc/arm-none-eabi/9.3.1/../../../../arm-none-eabi/lib/thumb/v7e-m+fp/hard/libc_nano.a(lib_a-impure.o)
                              /opt/st/stm32cubeide_1.4.0/plugins/com.st.stm32cube.ide.mcu.externaltools.gnu-tools-for-stm32.9-2020-q2-update.linux64_2.0.0.202105311346/tools/bin/../lib/gcc/arm-none-eabi/9.3.1/../../../../arm-none-eabi/lib/thumb/v7e-m+fp/hard/libc_nano.a(lib_a-exit.o) (_global_impure_ptr)
/opt/st/stm32cubeide_1.4.0/plugins/com.st.stm32cube.ide.mcu.externaltools.gnu-tools-for-stm32.9-2020-q2-update.linux64_2.0.0.202105311346/tools/bin/../lib/gcc/arm-none-eabi/9.3.1/../../../../arm-none-eabi/lib/thumb/v7e-m+fp/hard/libc_nano.a(lib_a-init.o)
                              /opt/st/stm32cubeide_1.4.0/plugins/com.st.stm32cube.ide.mcu.externaltools.gnu-tools-for-stm32.9-2020-q2-update.linux64_2.0.0.202105311346/tools/bin/../lib/gcc/arm-none-eabi/9.3.1/../../../../arm-none-eabi/lib/thumb/v7e-m+fp/hard/crt0.o (__libc_init_array)
/opt/st/stm32cubeide_1.4.0/plugins/com.st.stm32cube.ide.mcu.externaltools.gnu-tools-for-stm32.9-2020-q2-update.linux64_2.0.0.202105311346/tools/bin/../lib/gcc/arm-none-eabi/9.3.1/../../../../arm-none-eabi/lib/thumb/v7e-m+fp/hard/libc_nano.a(lib_a-memset.o)
                              /opt/st/stm32cubeide_1.4.0/plugins/com.st.stm32cube.ide.mcu.externaltools.gnu-tools-for-stm32.9-2020-q2-update.linux64_2.0.0.202105311346/tools/bin/../lib/gcc/arm-none-eabi/9.3.1/../../../../arm-none-eabi/lib/thumb/v7e-m+fp/hard/crt0.o (memset)
/opt/st/stm32cubeide_1.4.0/plugins/com.st.stm32cube.ide.mcu.externaltools.gnu-tools-for-stm32.9-2020-q2-update.linux64_2.0.0.202105311346/tools/bin/../lib/gcc/arm-none-eabi/9.3.1/thumb/v7e-m+fp/hard/libgcc.a(_aeabi_uldivmod.o)
                              ./Drivers/STM32L4xx_HAL_Driver/Src/stm32l4xx_hal_uart.o (__aeabi_uldivmod)
/opt/st/stm32cubeide_1.4.0/plugins/com.st.stm32cube.ide.mcu.externaltools.gnu-tools-for-stm32.9-2020-q2-update.linux64_2.0.0.202105311346/tools/bin/../lib/gcc/arm-none-eabi/9.3.1/thumb/v7e-m+fp/hard/libgcc.a(_udivmoddi4.o)
                              /opt/st/stm32cubeide_1.4.0/plugins/com.st.stm32cube.ide.mcu.externaltools.gnu-tools-for-stm32.9-2020-q2-update.linux64_2.0.0.202105311346/tools/bin/../lib/gcc/arm-none-eabi/9.3.1/thumb/v7e-m+fp/hard/libgcc.a(_aeabi_uldivmod.o) (__udivmoddi4)
/opt/st/stm32cubeide_1.4.0/plugins/com.st.stm32cube.ide.mcu.externaltools.gnu-tools-for-stm32.9-2020-q2-update.linux64_2.0.0.202105311346/tools/bin/../lib/gcc/arm-none-eabi/9.3.1/thumb/v7e-m+fp/hard/libgcc.a(_dvmd_tls.o)
                              /opt/st/stm32cubeide_1.4.0/plugins/com.st.stm32cube.ide.mcu.externaltools.gnu-tools-for-stm32.9-2020-q2-update.linux64_2.0.0.202105311346/tools/bin/../lib/gcc/arm-none-eabi/9.3.1/thumb/v7e-m+fp/hard/libgcc.a(_aeabi_uldivmod.o) (__aeabi_ldiv0)

Allocating common symbols
Common symbol       size              file

hdfsdm1_channel1    0x38              ./Core/Src/main.o
huart3              0x84              ./Core/Src/main.o
hpcd_USB_OTG_FS     0x408             ./Core/Src/main.o
hi2c2               0x4c              ./Core/Src/main.o
uwTick              0x4               ./Drivers/STM32L4xx_HAL_Driver/Src/stm32l4xx_hal.o
hspi3               0x64              ./Core/Src/main.o
huart1              0x84              ./Core/Src/main.o
hqspi               0x44              ./Core/Src/main.o

Discarded input sections

 .text          0x0000000000000000        0x0 /opt/st/stm32cubeide_1.4.0/plugins/com.st.stm32cube.ide.mcu.externaltools.gnu-tools-for-stm32.9-2020-q2-update.linux64_2.0.0.202105311346/tools/bin/../lib/gcc/arm-none-eabi/9.3.1/thumb/v7e-m+fp/hard/crti.o
 .data          0x0000000000000000        0x0 /opt/st/stm32cubeide_1.4.0/plugins/com.st.stm32cube.ide.mcu.externaltools.gnu-tools-for-stm32.9-2020-q2-update.linux64_2.0.0.202105311346/tools/bin/../lib/gcc/arm-none-eabi/9.3.1/thumb/v7e-m+fp/hard/crti.o
[...]
Memory Configuration

Name             Origin             Length             Attributes
RAM              0x0000000020000000 0x0000000000018000 xrw
RAM2             0x0000000010000000 0x0000000000008000 xrw
FLASH            0x0000000008000000 0x0000000000100000 xr
*default*        0x0000000000000000 0xffffffffffffffff

Linker script and memory map

LOAD /opt/st/stm32cubeide_1.4.0/plugins/com.st.stm32cube.ide.mcu.externaltools.gnu-tools-for-stm32.9-2020-q2-update.linux64_2.0.0.202105311346/tools/bin/../lib/gcc/arm-none-eabi/9.3.1/thumb/v7e-m+fp/hard/crti.o
LOAD /opt/st/stm32cubeide_1.4.0/plugins/com.st.stm32cube.ide.mcu.externaltools.gnu-tools-for-stm32.9-2020-q2-update.linux64_2.0.0.202105311346/tools/bin/../lib/gcc/arm-none-eabi/9.3.1/thumb/v7e-m+fp/hard/crtbegin.o
LOAD /opt/st/stm32cubeide_1.4.0/plugins/com.st.stm32cube.ide.mcu.externaltools.gnu-tools-for-stm32.9-2020-q2-update.linux64_2.0.0.202105311346/tools/bin/../lib/gcc/arm-none-eabi/9.3.1/../../../../arm-none-eabi/lib/thumb/v7e-m+fp/hard/crt0.o
LOAD ./Core/Src/CppBlinkPinout.o
LOAD ./Core/Src/CppLedBlink.o
LOAD ./Core/Src/EventLoop.o
LOAD ./Core/Src/GpioPin.o
LOAD ./Core/Src/main.o
LOAD ./Core/Src/stm32l4xx_hal_msp.o
LOAD ./Core/Src/stm32l4xx_it.o
LOAD ./Core/Src/syscalls.o
LOAD ./Core/Src/sysmem.o
LOAD ./Core/Src/system_stm32l4xx.o
LOAD ./Core/Startup/startup_stm32l475vgtx.o
LOAD ./Drivers/STM32L4xx_HAL_Driver/Src/stm32l4xx_hal.o
LOAD ./Drivers/STM32L4xx_HAL_Driver/Src/stm32l4xx_hal_cortex.o
LOAD ./Drivers/STM32L4xx_HAL_Driver/Src/stm32l4xx_hal_dfsdm.o
LOAD ./Drivers/STM32L4xx_HAL_Driver/Src/stm32l4xx_hal_dma.o
LOAD ./Drivers/STM32L4xx_HAL_Driver/Src/stm32l4xx_hal_dma_ex.o
LOAD ./Drivers/STM32L4xx_HAL_Driver/Src/stm32l4xx_hal_exti.o
LOAD ./Drivers/STM32L4xx_HAL_Driver/Src/stm32l4xx_hal_flash.o
LOAD ./Drivers/STM32L4xx_HAL_Driver/Src/stm32l4xx_hal_flash_ex.o
LOAD ./Drivers/STM32L4xx_HAL_Driver/Src/stm32l4xx_hal_flash_ramfunc.o
LOAD ./Drivers/STM32L4xx_HAL_Driver/Src/stm32l4xx_hal_gpio.o
LOAD ./Drivers/STM32L4xx_HAL_Driver/Src/stm32l4xx_hal_i2c.o
LOAD ./Drivers/STM32L4xx_HAL_Driver/Src/stm32l4xx_hal_i2c_ex.o
LOAD ./Drivers/STM32L4xx_HAL_Driver/Src/stm32l4xx_hal_pcd.o
LOAD ./Drivers/STM32L4xx_HAL_Driver/Src/stm32l4xx_hal_pcd_ex.o
LOAD ./Drivers/STM32L4xx_HAL_Driver/Src/stm32l4xx_hal_pwr.o
LOAD ./Drivers/STM32L4xx_HAL_Driver/Src/stm32l4xx_hal_pwr_ex.o
LOAD ./Drivers/STM32L4xx_HAL_Driver/Src/stm32l4xx_hal_qspi.o
LOAD ./Drivers/STM32L4xx_HAL_Driver/Src/stm32l4xx_hal_rcc.o
LOAD ./Drivers/STM32L4xx_HAL_Driver/Src/stm32l4xx_hal_rcc_ex.o
LOAD ./Drivers/STM32L4xx_HAL_Driver/Src/stm32l4xx_hal_spi.o
LOAD ./Drivers/STM32L4xx_HAL_Driver/Src/stm32l4xx_hal_spi_ex.o
LOAD ./Drivers/STM32L4xx_HAL_Driver/Src/stm32l4xx_hal_tim.o
LOAD ./Drivers/STM32L4xx_HAL_Driver/Src/stm32l4xx_hal_tim_ex.o
LOAD ./Drivers/STM32L4xx_HAL_Driver/Src/stm32l4xx_hal_uart.o
LOAD ./Drivers/STM32L4xx_HAL_Driver/Src/stm32l4xx_hal_uart_ex.o
LOAD ./Drivers/STM32L4xx_HAL_Driver/Src/stm32l4xx_ll_usb.o
START GROUP
LOAD /opt/st/stm32cubeide_1.4.0/plugins/com.st.stm32cube.ide.mcu.externaltools.gnu-tools-for-stm32.9-2020-q2-update.linux64_2.0.0.202105311346/tools/bin/../lib/gcc/arm-none-eabi/9.3.1/../../../../arm-none-eabi/lib/thumb/v7e-m+fp/hard/libstdc++_nano.a
LOAD /opt/st/stm32cubeide_1.4.0/plugins/com.st.stm32cube.ide.mcu.externaltools.gnu-tools-for-stm32.9-2020-q2-update.linux64_2.0.0.202105311346/tools/bin/../lib/gcc/arm-none-eabi/9.3.1/../../../../arm-none-eabi/lib/thumb/v7e-m+fp/hard/libsupc++_nano.a
END GROUP
LOAD /opt/st/stm32cubeide_1.4.0/plugins/com.st.stm32cube.ide.mcu.externaltools.gnu-tools-for-stm32.9-2020-q2-update.linux64_2.0.0.202105311346/tools/bin/../lib/gcc/arm-none-eabi/9.3.1/../../../../arm-none-eabi/lib/thumb/v7e-m+fp/hard/libstdc++_nano.a
LOAD /opt/st/stm32cubeide_1.4.0/plugins/com.st.stm32cube.ide.mcu.externaltools.gnu-tools-for-stm32.9-2020-q2-update.linux64_2.0.0.202105311346/tools/bin/../lib/gcc/arm-none-eabi/9.3.1/../../../../arm-none-eabi/lib/thumb/v7e-m+fp/hard/libm.a
LOAD /opt/st/stm32cubeide_1.4.0/plugins/com.st.stm32cube.ide.mcu.externaltools.gnu-tools-for-stm32.9-2020-q2-update.linux64_2.0.0.202105311346/tools/bin/../lib/gcc/arm-none-eabi/9.3.1/../../../../arm-none-eabi/lib/thumb/v7e-m+fp/hard/libc_nano.a
START GROUP
LOAD /opt/st/stm32cubeide_1.4.0/plugins/com.st.stm32cube.ide.mcu.externaltools.gnu-tools-for-stm32.9-2020-q2-update.linux64_2.0.0.202105311346/tools/bin/../lib/gcc/arm-none-eabi/9.3.1/thumb/v7e-m+fp/hard/libgcc.a
LOAD /opt/st/stm32cubeide_1.4.0/plugins/com.st.stm32cube.ide.mcu.externaltools.gnu-tools-for-stm32.9-2020-q2-update.linux64_2.0.0.202105311346/tools/bin/../lib/gcc/arm-none-eabi/9.3.1/../../../../arm-none-eabi/lib/thumb/v7e-m+fp/hard/libc_nano.a
END GROUP
START GROUP
LOAD /opt/st/stm32cubeide_1.4.0/plugins/com.st.stm32cube.ide.mcu.externaltools.gnu-tools-for-stm32.9-2020-q2-update.linux64_2.0.0.202105311346/tools/bin/../lib/gcc/arm-none-eabi/9.3.1/thumb/v7e-m+fp/hard/libgcc.a
LOAD /opt/st/stm32cubeide_1.4.0/plugins/com.st.stm32cube.ide.mcu.externaltools.gnu-tools-for-stm32.9-2020-q2-update.linux64_2.0.0.202105311346/tools/bin/../lib/gcc/arm-none-eabi/9.3.1/../../../../arm-none-eabi/lib/thumb/v7e-m+fp/hard/libc_nano.a
LOAD /opt/st/stm32cubeide_1.4.0/plugins/com.st.stm32cube.ide.mcu.externaltools.gnu-tools-for-stm32.9-2020-q2-update.linux64_2.0.0.202105311346/tools/bin/../lib/gcc/arm-none-eabi/9.3.1/../../../../arm-none-eabi/lib/thumb/v7e-m+fp/hard/libnosys.a
END GROUP
START GROUP
LOAD /opt/st/stm32cubeide_1.4.0/plugins/com.st.stm32cube.ide.mcu.externaltools.gnu-tools-for-stm32.9-2020-q2-update.linux64_2.0.0.202105311346/tools/bin/../lib/gcc/arm-none-eabi/9.3.1/thumb/v7e-m+fp/hard/libgcc.a
LOAD /opt/st/stm32cubeide_1.4.0/plugins/com.st.stm32cube.ide.mcu.externaltools.gnu-tools-for-stm32.9-2020-q2-update.linux64_2.0.0.202105311346/tools/bin/../lib/gcc/arm-none-eabi/9.3.1/../../../../arm-none-eabi/lib/thumb/v7e-m+fp/hard/libc_nano.a
LOAD /opt/st/stm32cubeide_1.4.0/plugins/com.st.stm32cube.ide.mcu.externaltools.gnu-tools-for-stm32.9-2020-q2-update.linux64_2.0.0.202105311346/tools/bin/../lib/gcc/arm-none-eabi/9.3.1/../../../../arm-none-eabi/lib/thumb/v7e-m+fp/hard/libnosys.a
END GROUP
LOAD /opt/st/stm32cubeide_1.4.0/plugins/com.st.stm32cube.ide.mcu.externaltools.gnu-tools-for-stm32.9-2020-q2-update.linux64_2.0.0.202105311346/tools/bin/../lib/gcc/arm-none-eabi/9.3.1/thumb/v7e-m+fp/hard/crtend.o
LOAD /opt/st/stm32cubeide_1.4.0/plugins/com.st.stm32cube.ide.mcu.externaltools.gnu-tools-for-stm32.9-2020-q2-update.linux64_2.0.0.202105311346/tools/bin/../lib/gcc/arm-none-eabi/9.3.1/thumb/v7e-m+fp/hard/crtn.o
                0x0000000020018000                _estack = (ORIGIN (RAM) + LENGTH (RAM))
                0x0000000000000200                _Min_Heap_Size = 0x200
                0x0000000000000400                _Min_Stack_Size = 0x400

.isr_vector     0x0000000008000000      0x188
                0x0000000008000000                . = ALIGN (0x4)
 *(.isr_vector)
 .isr_vector    0x0000000008000000      0x188 ./Core/Startup/startup_stm32l475vgtx.o
                0x0000000008000000                g_pfnVectors
                0x0000000008000188                . = ALIGN (0x4)

.text           0x0000000008000188     0x4808
                0x0000000008000188                . = ALIGN (0x4)
 *(.text)
 .text          0x0000000008000188       0x40 /opt/st/stm32cubeide_1.4.0/plugins/com.st.stm32cube.ide.mcu.externaltools.gnu-tools-for-stm32.9-2020-q2-update.linux64_2.0.0.202105311346/tools/bin/../lib/gcc/arm-none-eabi/9.3.1/thumb/v7e-m+fp/hard/crtbegin.o
 .text          0x00000000080001c8       0x30 /opt/st/stm32cubeide_1.4.0/plugins/com.st.stm32cube.ide.mcu.externaltools.gnu-tools-for-stm32.9-2020-q2-update.linux64_2.0.0.202105311346/tools/bin/../lib/gcc/arm-none-eabi/9.3.1/thumb/v7e-m+fp/hard/libgcc.a(_aeabi_uldivmod.o)
                0x00000000080001c8                __aeabi_uldivmod
 .text          0x00000000080001f8      0x2c4 /opt/st/stm32cubeide_1.4.0/plugins/com.st.stm32cube.ide.mcu.externaltools.gnu-tools-for-stm32.9-2020-q2-update.linux64_2.0.0.202105311346/tools/bin/../lib/gcc/arm-none-eabi/9.3.1/thumb/v7e-m+fp/hard/libgcc.a(_udivmoddi4.o)
                0x00000000080001f8                __udivmoddi4
 .text          0x00000000080004bc        0x4 /opt/st/stm32cubeide_1.4.0/plugins/com.st.stm32cube.ide.mcu.externaltools.gnu-tools-for-stm32.9-2020-q2-update.linux64_2.0.0.202105311346/tools/bin/../lib/gcc/arm-none-eabi/9.3.1/thumb/v7e-m+fp/hard/libgcc.a(_dvmd_tls.o)
                0x00000000080004bc                __aeabi_ldiv0
                0x00000000080004bc                __aeabi_idiv0
 *(.text*)
 .text._ZN14CppBlinkPinoutC2Ev
                0x00000000080004c0       0x24 ./Core/Src/CppBlinkPinout.o
                0x00000000080004c0                CppBlinkPinout::CppBlinkPinout()
                0x00000000080004c0                CppBlinkPinout::CppBlinkPinout()
 .text._ZN11CppLedBlinkC2Ev
                0x00000000080004e4       0x34 ./Core/Src/CppLedBlink.o
                0x00000000080004e4                CppLedBlink::CppLedBlink()
                0x00000000080004e4                CppLedBlink::CppLedBlink()
 .text._Z12EventLoopCppv
                0x0000000008000518       0x16 ./Core/Src/EventLoop.o
                0x0000000008000518                EventLoopCpp()
 .text.EventLoopC
                0x000000000800052e        0xc ./Core/Src/EventLoop.o
                0x000000000800052e                EventLoopC
 .text._ZN7GpioPinC2EtP12GPIO_TypeDef
                0x000000000800053a       0x28 ./Core/Src/GpioPin.o
                0x000000000800053a                GpioPin::GpioPin(unsigned short, GPIO_TypeDef*)
                0x000000000800053a                GpioPin::GpioPin(unsigned short, GPIO_TypeDef*)
 .text._ZN7GpioPin6ToggleEv
                0x0000000008000562       0x20 ./Core/Src/GpioPin.o
                0x0000000008000562                GpioPin::Toggle()
 .text.main     0x0000000008000582       0x32 ./Core/Src/main.o
                0x0000000008000582                main
 .text.SystemClock_Config
                0x00000000080005b4       0xc4 ./Core/Src/main.o
                0x00000000080005b4                SystemClock_Config
 .text.MX_DFSDM1_Init
                0x0000000008000678       0x70 ./Core/Src/main.o
 .text.MX_I2C2_Init
                0x00000000080006e8       0x7c ./Core/Src/main.o
 .text.MX_QUADSPI_Init
                0x0000000008000764       0x4c ./Core/Src/main.o
 .text.MX_SPI3_Init
                0x00000000080007b0       0x7c ./Core/Src/main.o
 .text.MX_USART1_UART_Init
                0x000000000800082c       0x60 ./Core/Src/main.o
 .text.MX_USART3_UART_Init
                0x000000000800088c       0x60 ./Core/Src/main.o
 .text.MX_USB_OTG_FS_PCD_Init
                0x00000000080008ec       0x5c ./Core/Src/main.o
 .text.MX_GPIO_Init
                0x0000000008000948      0x364 ./Core/Src/main.o
 .text.Error_Handler
                0x0000000008000cac        0xa ./Core/Src/main.o
                0x0000000008000cac                Error_Handler
 *fill*         0x0000000008000cb6        0x2 
 .text.HAL_MspInit
                0x0000000008000cb8       0x48 ./Core/Src/stm32l4xx_hal_msp.o
                0x0000000008000cb8                HAL_MspInit
 .text.HAL_DFSDM_ChannelMspInit
                0x0000000008000d00       0xc8 ./Core/Src/stm32l4xx_hal_msp.o
                0x0000000008000d00                HAL_DFSDM_ChannelMspInit
 .text.HAL_I2C_MspInit
                0x0000000008000dc8       0xbc ./Core/Src/stm32l4xx_hal_msp.o
                0x0000000008000dc8                HAL_I2C_MspInit
 .text.HAL_QSPI_MspInit
                0x0000000008000e84       0x88 ./Core/Src/stm32l4xx_hal_msp.o
                0x0000000008000e84                HAL_QSPI_MspInit
 .text.HAL_SPI_MspInit
                0x0000000008000f0c       0x88 ./Core/Src/stm32l4xx_hal_msp.o
                0x0000000008000f0c                HAL_SPI_MspInit
 .text.HAL_UART_MspInit
                0x0000000008000f94      0x148 ./Core/Src/stm32l4xx_hal_msp.o
                0x0000000008000f94                HAL_UART_MspInit
 .text.HAL_PCD_MspInit
                0x00000000080010dc      0x138 ./Core/Src/stm32l4xx_hal_msp.o
                0x00000000080010dc                HAL_PCD_MspInit
 .text.NMI_Handler
                0x0000000008001214        0x6 ./Core/Src/stm32l4xx_it.o
                0x0000000008001214                NMI_Handler
 .text.HardFault_Handler
                0x000000000800121a        0x6 ./Core/Src/stm32l4xx_it.o
                0x000000000800121a                HardFault_Handler
 .text.MemManage_Handler
                0x0000000008001220        0x6 ./Core/Src/stm32l4xx_it.o
                0x0000000008001220                MemManage_Handler
 .text.BusFault_Handler
                0x0000000008001226        0x6 ./Core/Src/stm32l4xx_it.o
                0x0000000008001226                BusFault_Handler
 .text.UsageFault_Handler
                0x000000000800122c        0x6 ./Core/Src/stm32l4xx_it.o
                0x000000000800122c                UsageFault_Handler
 .text.SVC_Handler
                0x0000000008001232        0xe ./Core/Src/stm32l4xx_it.o
                0x0000000008001232                SVC_Handler
 .text.DebugMon_Handler
                0x0000000008001240        0xe ./Core/Src/stm32l4xx_it.o
                0x0000000008001240                DebugMon_Handler
 .text.PendSV_Handler
                0x000000000800124e        0xe ./Core/Src/stm32l4xx_it.o
                0x000000000800124e                PendSV_Handler
 .text.SysTick_Handler
                0x000000000800125c        0xc ./Core/Src/stm32l4xx_it.o
                0x000000000800125c                SysTick_Handler
 .text.EXTI9_5_IRQHandler
                0x0000000008001268       0x22 ./Core/Src/stm32l4xx_it.o
                0x0000000008001268                EXTI9_5_IRQHandler
 .text.EXTI15_10_IRQHandler
                0x000000000800128a       0x30 ./Core/Src/stm32l4xx_it.o
                0x000000000800128a                EXTI15_10_IRQHandler
 *fill*         0x00000000080012ba        0x2 
 .text.SystemInit
                0x00000000080012bc       0x24 ./Core/Src/system_stm32l4xx.o
                0x00000000080012bc                SystemInit
 .text.Reset_Handler
                0x00000000080012e0       0x50 ./Core/Startup/startup_stm32l475vgtx.o
                0x00000000080012e0                Reset_Handler
 .text.Default_Handler
                0x0000000008001330        0x2 ./Core/Startup/startup_stm32l475vgtx.o
                0x0000000008001330                RTC_Alarm_IRQHandler
                0x0000000008001330                EXTI2_IRQHandler
                0x0000000008001330                TIM8_TRG_COM_IRQHandler
                0x0000000008001330                TIM8_CC_IRQHandler
                0x0000000008001330                TIM1_CC_IRQHandler
                0x0000000008001330                TSC_IRQHandler
                0x0000000008001330                TAMP_STAMP_IRQHandler
                0x0000000008001330                EXTI3_IRQHandler
                0x0000000008001330                LPTIM2_IRQHandler
                0x0000000008001330                DFSDM1_FLT1_IRQHandler
                0x0000000008001330                I2C3_ER_IRQHandler
                0x0000000008001330                DFSDM1_FLT2_IRQHandler
                0x0000000008001330                EXTI0_IRQHandler
                0x0000000008001330                I2C2_EV_IRQHandler
                0x0000000008001330                CAN1_RX0_IRQHandler
                0x0000000008001330                FPU_IRQHandler
                0x0000000008001330                TIM1_UP_TIM16_IRQHandler
                0x0000000008001330                ADC1_2_IRQHandler
                0x0000000008001330                SPI1_IRQHandler
                0x0000000008001330                TIM6_DAC_IRQHandler
                0x0000000008001330                TIM8_UP_IRQHandler
                0x0000000008001330                DMA2_Channel2_IRQHandler
                0x0000000008001330                DMA1_Channel4_IRQHandler
                0x0000000008001330                SAI2_IRQHandler
                0x0000000008001330                DFSDM1_FLT3_IRQHandler
                0x0000000008001330                USART3_IRQHandler
                0x0000000008001330                DMA1_Channel7_IRQHandler
                0x0000000008001330                CAN1_RX1_IRQHandler
                0x0000000008001330                UART5_IRQHandler
                0x0000000008001330                ADC3_IRQHandler
                0x0000000008001330                TIM4_IRQHandler
                0x0000000008001330                DMA2_Channel1_IRQHandler
                0x0000000008001330                QUADSPI_IRQHandler
                0x0000000008001330                I2C1_EV_IRQHandler
                0x0000000008001330                DMA1_Channel6_IRQHandler
                0x0000000008001330                UART4_IRQHandler
                0x0000000008001330                DMA2_Channel4_IRQHandler
                0x0000000008001330                TIM3_IRQHandler
                0x0000000008001330                RCC_IRQHandler
                0x0000000008001330                DMA1_Channel1_IRQHandler
                0x0000000008001330                Default_Handler
                0x0000000008001330                DMA2_Channel7_IRQHandler
                0x0000000008001330                TIM7_IRQHandler
                0x0000000008001330                SDMMC1_IRQHandler
                0x0000000008001330                TIM5_IRQHandler
                0x0000000008001330                I2C3_EV_IRQHandler
                0x0000000008001330                RTC_WKUP_IRQHandler
                0x0000000008001330                PVD_PVM_IRQHandler
                0x0000000008001330                SPI2_IRQHandler
                0x0000000008001330                CAN1_TX_IRQHandler
                0x0000000008001330                DMA2_Channel5_IRQHandler
                0x0000000008001330                DMA1_Channel5_IRQHandler
                0x0000000008001330                EXTI4_IRQHandler
                0x0000000008001330                RNG_IRQHandler
                0x0000000008001330                TIM1_TRG_COM_TIM17_IRQHandler
                0x0000000008001330                DMA1_Channel3_IRQHandler
                0x0000000008001330                COMP_IRQHandler
                0x0000000008001330                WWDG_IRQHandler
                0x0000000008001330                LPUART1_IRQHandler
                0x0000000008001330                DMA2_Channel6_IRQHandler
                0x0000000008001330                TIM2_IRQHandler
                0x0000000008001330                EXTI1_IRQHandler
                0x0000000008001330                USART2_IRQHandler
                0x0000000008001330                DFSDM1_FLT0_IRQHandler
                0x0000000008001330                I2C2_ER_IRQHandler
                0x0000000008001330                DMA1_Channel2_IRQHandler
                0x0000000008001330                TIM8_BRK_IRQHandler
                0x0000000008001330                CAN1_SCE_IRQHandler
                0x0000000008001330                FLASH_IRQHandler
                0x0000000008001330                USART1_IRQHandler
                0x0000000008001330                OTG_FS_IRQHandler
                0x0000000008001330                SPI3_IRQHandler
                0x0000000008001330                I2C1_ER_IRQHandler
                0x0000000008001330                FMC_IRQHandler
                0x0000000008001330                SWPMI1_IRQHandler
                0x0000000008001330                LPTIM1_IRQHandler
                0x0000000008001330                SAI1_IRQHandler
                0x0000000008001330                DMA2_Channel3_IRQHandler
                0x0000000008001330                TIM1_BRK_TIM15_IRQHandler
 .text.HAL_Init
                0x0000000008001332       0x30 ./Drivers/STM32L4xx_HAL_Driver/Src/stm32l4xx_hal.o
                0x0000000008001332                HAL_Init
 *fill*         0x0000000008001362        0x2 
 .text.HAL_InitTick
                0x0000000008001364       0x78 ./Drivers/STM32L4xx_HAL_Driver/Src/stm32l4xx_hal.o
                0x0000000008001364                HAL_InitTick
 .text.HAL_IncTick
                0x00000000080013dc       0x28 ./Drivers/STM32L4xx_HAL_Driver/Src/stm32l4xx_hal.o
                0x00000000080013dc                HAL_IncTick
 .text.HAL_GetTick
                0x0000000008001404       0x18 ./Drivers/STM32L4xx_HAL_Driver/Src/stm32l4xx_hal.o
                0x0000000008001404                HAL_GetTick
 .text.HAL_Delay
                0x000000000800141c       0x48 ./Drivers/STM32L4xx_HAL_Driver/Src/stm32l4xx_hal.o
                0x000000000800141c                HAL_Delay
 .text.__NVIC_SetPriorityGrouping
                0x0000000008001464       0x48 ./Drivers/STM32L4xx_HAL_Driver/Src/stm32l4xx_hal_cortex.o
 .text.__NVIC_GetPriorityGrouping
                0x00000000080014ac       0x1c ./Drivers/STM32L4xx_HAL_Driver/Src/stm32l4xx_hal_cortex.o
 .text.__NVIC_EnableIRQ
                0x00000000080014c8       0x3c ./Drivers/STM32L4xx_HAL_Driver/Src/stm32l4xx_hal_cortex.o
 .text.__NVIC_SetPriority
                0x0000000008001504       0x54 ./Drivers/STM32L4xx_HAL_Driver/Src/stm32l4xx_hal_cortex.o
 .text.NVIC_EncodePriority
                0x0000000008001558       0x66 ./Drivers/STM32L4xx_HAL_Driver/Src/stm32l4xx_hal_cortex.o
 *fill*         0x00000000080015be        0x2 
 .text.SysTick_Config
                0x00000000080015c0       0x44 ./Drivers/STM32L4xx_HAL_Driver/Src/stm32l4xx_hal_cortex.o
 .text.HAL_NVIC_SetPriorityGrouping
                0x0000000008001604       0x16 ./Drivers/STM32L4xx_HAL_Driver/Src/stm32l4xx_hal_cortex.o
                0x0000000008001604                HAL_NVIC_SetPriorityGrouping
 .text.HAL_NVIC_SetPriority
                0x000000000800161a       0x38 ./Drivers/STM32L4xx_HAL_Driver/Src/stm32l4xx_hal_cortex.o
                0x000000000800161a                HAL_NVIC_SetPriority
 .text.HAL_NVIC_EnableIRQ
                0x0000000008001652       0x1c ./Drivers/STM32L4xx_HAL_Driver/Src/stm32l4xx_hal_cortex.o
                0x0000000008001652                HAL_NVIC_EnableIRQ
 .text.HAL_SYSTICK_Config
                0x000000000800166e       0x18 ./Drivers/STM32L4xx_HAL_Driver/Src/stm32l4xx_hal_cortex.o
                0x000000000800166e                HAL_SYSTICK_Config
 *fill*         0x0000000008001686        0x2 
 .text.HAL_DFSDM_ChannelInit
                0x0000000008001688      0x180 ./Drivers/STM32L4xx_HAL_Driver/Src/stm32l4xx_hal_dfsdm.o
                0x0000000008001688                HAL_DFSDM_ChannelInit
 .text.DFSDM_GetChannelFromInstance
                0x0000000008001808       0x98 ./Drivers/STM32L4xx_HAL_Driver/Src/stm32l4xx_hal_dfsdm.o
 .text.HAL_GPIO_Init
                0x00000000080018a0      0x354 ./Drivers/STM32L4xx_HAL_Driver/Src/stm32l4xx_hal_gpio.o
                0x00000000080018a0                HAL_GPIO_Init
 .text.HAL_GPIO_WritePin
                0x0000000008001bf4       0x30 ./Drivers/STM32L4xx_HAL_Driver/Src/stm32l4xx_hal_gpio.o
                0x0000000008001bf4                HAL_GPIO_WritePin
 .text.HAL_GPIO_TogglePin
                0x0000000008001c24       0x34 ./Drivers/STM32L4xx_HAL_Driver/Src/stm32l4xx_hal_gpio.o
                0x0000000008001c24                HAL_GPIO_TogglePin
 .text.HAL_GPIO_EXTI_IRQHandler
                0x0000000008001c58       0x30 ./Drivers/STM32L4xx_HAL_Driver/Src/stm32l4xx_hal_gpio.o
                0x0000000008001c58                HAL_GPIO_EXTI_IRQHandler
 .text.HAL_GPIO_EXTI_Callback
                0x0000000008001c88       0x16 ./Drivers/STM32L4xx_HAL_Driver/Src/stm32l4xx_hal_gpio.o
                0x0000000008001c88                HAL_GPIO_EXTI_Callback
 .text.HAL_I2C_Init
                0x0000000008001c9e      0x11e ./Drivers/STM32L4xx_HAL_Driver/Src/stm32l4xx_hal_i2c.o
                0x0000000008001c9e                HAL_I2C_Init
 .text.HAL_I2CEx_ConfigAnalogFilter
                0x0000000008001dbc       0x96 ./Drivers/STM32L4xx_HAL_Driver/Src/stm32l4xx_hal_i2c_ex.o
                0x0000000008001dbc                HAL_I2CEx_ConfigAnalogFilter
 .text.HAL_I2CEx_ConfigDigitalFilter
                0x0000000008001e52       0x98 ./Drivers/STM32L4xx_HAL_Driver/Src/stm32l4xx_hal_i2c_ex.o
                0x0000000008001e52                HAL_I2CEx_ConfigDigitalFilter
 .text.HAL_PCD_Init
                0x0000000008001eea      0x248 ./Drivers/STM32L4xx_HAL_Driver/Src/stm32l4xx_hal_pcd.o
                0x0000000008001eea                HAL_PCD_Init
 .text.HAL_PCDEx_ActivateLPM
                0x0000000008002132       0x48 ./Drivers/STM32L4xx_HAL_Driver/Src/stm32l4xx_hal_pcd_ex.o
                0x0000000008002132                HAL_PCDEx_ActivateLPM
 *fill*         0x000000000800217a        0x2 
 .text.HAL_PWR_EnableBkUpAccess
                0x000000000800217c       0x20 ./Drivers/STM32L4xx_HAL_Driver/Src/stm32l4xx_hal_pwr.o
                0x000000000800217c                HAL_PWR_EnableBkUpAccess
 .text.HAL_PWREx_GetVoltageRange
                0x000000000800219c       0x1c ./Drivers/STM32L4xx_HAL_Driver/Src/stm32l4xx_hal_pwr_ex.o
                0x000000000800219c                HAL_PWREx_GetVoltageRange
 .text.HAL_PWREx_ControlVoltageScaling
                0x00000000080021b8       0xac ./Drivers/STM32L4xx_HAL_Driver/Src/stm32l4xx_hal_pwr_ex.o
                0x00000000080021b8                HAL_PWREx_ControlVoltageScaling
 .text.HAL_PWREx_EnableVddUSB
                0x0000000008002264       0x20 ./Drivers/STM32L4xx_HAL_Driver/Src/stm32l4xx_hal_pwr_ex.o
                0x0000000008002264                HAL_PWREx_EnableVddUSB
 .text.HAL_QSPI_Init
                0x0000000008002284       0xec ./Drivers/STM32L4xx_HAL_Driver/Src/stm32l4xx_hal_qspi.o
                0x0000000008002284                HAL_QSPI_Init
 .text.HAL_QSPI_SetTimeout
                0x0000000008002370       0x1c ./Drivers/STM32L4xx_HAL_Driver/Src/stm32l4xx_hal_qspi.o
                0x0000000008002370                HAL_QSPI_SetTimeout
 .text.QSPI_WaitFlagStateUntilTimeout
                0x000000000800238c       0x6e ./Drivers/STM32L4xx_HAL_Driver/Src/stm32l4xx_hal_qspi.o
 *fill*         0x00000000080023fa        0x2 
 .text.HAL_RCC_OscConfig
                0x00000000080023fc      0x7cc ./Drivers/STM32L4xx_HAL_Driver/Src/stm32l4xx_hal_rcc.o
                0x00000000080023fc                HAL_RCC_OscConfig
 .text.HAL_RCC_ClockConfig
                0x0000000008002bc8      0x1c4 ./Drivers/STM32L4xx_HAL_Driver/Src/stm32l4xx_hal_rcc.o
                0x0000000008002bc8                HAL_RCC_ClockConfig
 .text.HAL_RCC_GetSysClockFreq
                0x0000000008002d8c      0x118 ./Drivers/STM32L4xx_HAL_Driver/Src/stm32l4xx_hal_rcc.o
                0x0000000008002d8c                HAL_RCC_GetSysClockFreq
 .text.HAL_RCC_GetHCLKFreq
                0x0000000008002ea4       0x18 ./Drivers/STM32L4xx_HAL_Driver/Src/stm32l4xx_hal_rcc.o
                0x0000000008002ea4                HAL_RCC_GetHCLKFreq
 .text.HAL_RCC_GetPCLK1Freq
                0x0000000008002ebc       0x2c ./Drivers/STM32L4xx_HAL_Driver/Src/stm32l4xx_hal_rcc.o
                0x0000000008002ebc                HAL_RCC_GetPCLK1Freq
 .text.HAL_RCC_GetPCLK2Freq
                0x0000000008002ee8       0x2c ./Drivers/STM32L4xx_HAL_Driver/Src/stm32l4xx_hal_rcc.o
                0x0000000008002ee8                HAL_RCC_GetPCLK2Freq
 .text.RCC_SetFlashLatencyFromMSIRange
                0x0000000008002f14       0xc0 ./Drivers/STM32L4xx_HAL_Driver/Src/stm32l4xx_hal_rcc.o
 .text.HAL_RCCEx_PeriphCLKConfig
                0x0000000008002fd4      0x5d4 ./Drivers/STM32L4xx_HAL_Driver/Src/stm32l4xx_hal_rcc_ex.o
                0x0000000008002fd4                HAL_RCCEx_PeriphCLKConfig
 .text.HAL_RCCEx_EnableMSIPLLMode
                0x00000000080035a8       0x20 ./Drivers/STM32L4xx_HAL_Driver/Src/stm32l4xx_hal_rcc_ex.o
                0x00000000080035a8                HAL_RCCEx_EnableMSIPLLMode
 .text.RCCEx_PLLSAI1_Config
                0x00000000080035c8      0x1e8 ./Drivers/STM32L4xx_HAL_Driver/Src/stm32l4xx_hal_rcc_ex.o
 .text.RCCEx_PLLSAI2_Config
                0x00000000080037b0      0x1bc ./Drivers/STM32L4xx_HAL_Driver/Src/stm32l4xx_hal_rcc_ex.o
 .text.HAL_SPI_Init
                0x000000000800396c      0x146 ./Drivers/STM32L4xx_HAL_Driver/Src/stm32l4xx_hal_spi.o
                0x000000000800396c                HAL_SPI_Init
 .text.HAL_UART_Init
                0x0000000008003ab2       0x9c ./Drivers/STM32L4xx_HAL_Driver/Src/stm32l4xx_hal_uart.o
                0x0000000008003ab2                HAL_UART_Init
 *fill*         0x0000000008003b4e        0x2 
 .text.UART_SetConfig
                0x0000000008003b50      0x514 ./Drivers/STM32L4xx_HAL_Driver/Src/stm32l4xx_hal_uart.o
                0x0000000008003b50                UART_SetConfig
 .text.UART_AdvFeatureConfig
                0x0000000008004064      0x144 ./Drivers/STM32L4xx_HAL_Driver/Src/stm32l4xx_hal_uart.o
                0x0000000008004064                UART_AdvFeatureConfig
 .text.UART_CheckIdleState
                0x00000000080041a8       0x92 ./Drivers/STM32L4xx_HAL_Driver/Src/stm32l4xx_hal_uart.o
                0x00000000080041a8                UART_CheckIdleState
 .text.UART_WaitOnFlagUntilTimeout
                0x000000000800423a      0x188 ./Drivers/STM32L4xx_HAL_Driver/Src/stm32l4xx_hal_uart.o
                0x000000000800423a                UART_WaitOnFlagUntilTimeout
 .text.USB_CoreInit
                0x00000000080043c2       0x58 ./Drivers/STM32L4xx_HAL_Driver/Src/stm32l4xx_ll_usb.o
                0x00000000080043c2                USB_CoreInit
 .text.USB_DisableGlobalInt
                0x000000000800441a       0x22 ./Drivers/STM32L4xx_HAL_Driver/Src/stm32l4xx_ll_usb.o
                0x000000000800441a                USB_DisableGlobalInt
 .text.USB_SetCurrentMode
                0x000000000800443c       0x98 ./Drivers/STM32L4xx_HAL_Driver/Src/stm32l4xx_ll_usb.o
                0x000000000800443c                USB_SetCurrentMode
 .text.USB_DevInit
                0x00000000080044d4      0x298 ./Drivers/STM32L4xx_HAL_Driver/Src/stm32l4xx_ll_usb.o
                0x00000000080044d4                USB_DevInit
 .text.USB_FlushTxFifo
                0x000000000800476c       0x64 ./Drivers/STM32L4xx_HAL_Driver/Src/stm32l4xx_ll_usb.o
                0x000000000800476c                USB_FlushTxFifo
 .text.USB_FlushRxFifo
                0x00000000080047d0       0x5c ./Drivers/STM32L4xx_HAL_Driver/Src/stm32l4xx_ll_usb.o
                0x00000000080047d0                USB_FlushRxFifo
 .text.USB_SetDevSpeed
                0x000000000800482c       0x32 ./Drivers/STM32L4xx_HAL_Driver/Src/stm32l4xx_ll_usb.o
                0x000000000800482c                USB_SetDevSpeed
 .text.USB_DevDisconnect
                0x000000000800485e       0x42 ./Drivers/STM32L4xx_HAL_Driver/Src/stm32l4xx_ll_usb.o
                0x000000000800485e                USB_DevDisconnect
 .text.USB_GetMode
                0x00000000080048a0       0x1c ./Drivers/STM32L4xx_HAL_Driver/Src/stm32l4xx_ll_usb.o
                0x00000000080048a0                USB_GetMode
 .text.USB_CoreReset
                0x00000000080048bc       0x64 ./Drivers/STM32L4xx_HAL_Driver/Src/stm32l4xx_ll_usb.o
 .text.__libc_init_array
                0x0000000008004920       0x48 /opt/st/stm32cubeide_1.4.0/plugins/com.st.stm32cube.ide.mcu.externaltools.gnu-tools-for-stm32.9-2020-q2-update.linux64_2.0.0.202105311346/tools/bin/../lib/gcc/arm-none-eabi/9.3.1/../../../../arm-none-eabi/lib/thumb/v7e-m+fp/hard/libc_nano.a(lib_a-init.o)
                0x0000000008004920                __libc_init_array
 .text.memset   0x0000000008004968       0x10 /opt/st/stm32cubeide_1.4.0/plugins/com.st.stm32cube.ide.mcu.externaltools.gnu-tools-for-stm32.9-2020-q2-update.linux64_2.0.0.202105311346/tools/bin/../lib/gcc/arm-none-eabi/9.3.1/../../../../arm-none-eabi/lib/thumb/v7e-m+fp/hard/libc_nano.a(lib_a-memset.o)
                0x0000000008004968                memset
 *(.glue_7)
 .glue_7        0x0000000008004978        0x0 linker stubs
 *(.glue_7t)
 .glue_7t       0x0000000008004978        0x0 linker stubs
 *(.eh_frame)
 .eh_frame      0x0000000008004978        0x0 /opt/st/stm32cubeide_1.4.0/plugins/com.st.stm32cube.ide.mcu.externaltools.gnu-tools-for-stm32.9-2020-q2-update.linux64_2.0.0.202105311346/tools/bin/../lib/gcc/arm-none-eabi/9.3.1/thumb/v7e-m+fp/hard/crtbegin.o
 *(.init)
 .init          0x0000000008004978        0x4 /opt/st/stm32cubeide_1.4.0/plugins/com.st.stm32cube.ide.mcu.externaltools.gnu-tools-for-stm32.9-2020-q2-update.linux64_2.0.0.202105311346/tools/bin/../lib/gcc/arm-none-eabi/9.3.1/thumb/v7e-m+fp/hard/crti.o
                0x0000000008004978                _init
 .init          0x000000000800497c        0x8 /opt/st/stm32cubeide_1.4.0/plugins/com.st.stm32cube.ide.mcu.externaltools.gnu-tools-for-stm32.9-2020-q2-update.linux64_2.0.0.202105311346/tools/bin/../lib/gcc/arm-none-eabi/9.3.1/thumb/v7e-m+fp/hard/crtn.o
 *(.fini)
 .fini          0x0000000008004984        0x4 /opt/st/stm32cubeide_1.4.0/plugins/com.st.stm32cube.ide.mcu.externaltools.gnu-tools-for-stm32.9-2020-q2-update.linux64_2.0.0.202105311346/tools/bin/../lib/gcc/arm-none-eabi/9.3.1/thumb/v7e-m+fp/hard/crti.o
                0x0000000008004984                _fini
 .fini          0x0000000008004988        0x8 /opt/st/stm32cubeide_1.4.0/plugins/com.st.stm32cube.ide.mcu.externaltools.gnu-tools-for-stm32.9-2020-q2-update.linux64_2.0.0.202105311346/tools/bin/../lib/gcc/arm-none-eabi/9.3.1/thumb/v7e-m+fp/hard/crtn.o
                0x0000000008004990                . = ALIGN (0x4)
                0x0000000008004990                _etext = .

.vfp11_veneer   0x0000000008004990        0x0
 .vfp11_veneer  0x0000000008004990        0x0 linker stubs

.v4_bx          0x0000000008004990        0x0
 .v4_bx         0x0000000008004990        0x0 linker stubs

.iplt           0x0000000008004990        0x0
 .iplt          0x0000000008004990        0x0 /opt/st/stm32cubeide_1.4.0/plugins/com.st.stm32cube.ide.mcu.externaltools.gnu-tools-for-stm32.9-2020-q2-update.linux64_2.0.0.202105311346/tools/bin/../lib/gcc/arm-none-eabi/9.3.1/thumb/v7e-m+fp/hard/crtbegin.o

.rodata         0x0000000008004990       0x48
                0x0000000008004990                . = ALIGN (0x4)
 *(.rodata)
 *(.rodata*)
 .rodata.AHBPrescTable
                0x0000000008004990       0x10 ./Core/Src/system_stm32l4xx.o
                0x0000000008004990                AHBPrescTable
 .rodata.APBPrescTable
                0x00000000080049a0        0x8 ./Core/Src/system_stm32l4xx.o
                0x00000000080049a0                APBPrescTable
 .rodata.MSIRangeTable
                0x00000000080049a8       0x30 ./Core/Src/system_stm32l4xx.o
                0x00000000080049a8                MSIRangeTable
                0x00000000080049d8                . = ALIGN (0x4)

.ARM.extab      0x00000000080049d8        0x0
                0x00000000080049d8                . = ALIGN (0x4)
 *(.ARM.extab* .gnu.linkonce.armextab.*)
                0x00000000080049d8                . = ALIGN (0x4)

.ARM            0x00000000080049d8        0x8
                0x00000000080049d8                . = ALIGN (0x4)
                0x00000000080049d8                __exidx_start = .
 *(.ARM.exidx*)
 .ARM.exidx     0x00000000080049d8        0x8 /opt/st/stm32cubeide_1.4.0/plugins/com.st.stm32cube.ide.mcu.externaltools.gnu-tools-for-stm32.9-2020-q2-update.linux64_2.0.0.202105311346/tools/bin/../lib/gcc/arm-none-eabi/9.3.1/thumb/v7e-m+fp/hard/libgcc.a(_udivmoddi4.o)
                0x00000000080049e0                __exidx_end = .
                0x00000000080049e0                . = ALIGN (0x4)

.rel.dyn        0x00000000080049e0        0x0
 .rel.iplt      0x00000000080049e0        0x0 /opt/st/stm32cubeide_1.4.0/plugins/com.st.stm32cube.ide.mcu.externaltools.gnu-tools-for-stm32.9-2020-q2-update.linux64_2.0.0.202105311346/tools/bin/../lib/gcc/arm-none-eabi/9.3.1/thumb/v7e-m+fp/hard/crtbegin.o

.preinit_array  0x00000000080049e0        0x0
                0x00000000080049e0                . = ALIGN (0x4)
                0x00000000080049e0                PROVIDE (__preinit_array_start = .)
 *(.preinit_array*)
                0x00000000080049e0                PROVIDE (__preinit_array_end = .)
                0x00000000080049e0                . = ALIGN (0x4)

.init_array     0x00000000080049e0        0x4
                0x00000000080049e0                . = ALIGN (0x4)
                0x00000000080049e0                PROVIDE (__init_array_start = .)
 *(SORT_BY_NAME(.init_array.*))
 *(.init_array*)
 .init_array    0x00000000080049e0        0x4 /opt/st/stm32cubeide_1.4.0/plugins/com.st.stm32cube.ide.mcu.externaltools.gnu-tools-for-stm32.9-2020-q2-update.linux64_2.0.0.202105311346/tools/bin/../lib/gcc/arm-none-eabi/9.3.1/thumb/v7e-m+fp/hard/crtbegin.o
                0x00000000080049e4                PROVIDE (__init_array_end = .)
                0x00000000080049e4                . = ALIGN (0x4)

.fini_array     0x00000000080049e4        0x4
                0x00000000080049e4                . = ALIGN (0x4)
                [!provide]                        PROVIDE (__fini_array_start = .)
 *(SORT_BY_NAME(.fini_array.*))
 *(.fini_array*)
 .fini_array    0x00000000080049e4        0x4 /opt/st/stm32cubeide_1.4.0/plugins/com.st.stm32cube.ide.mcu.externaltools.gnu-tools-for-stm32.9-2020-q2-update.linux64_2.0.0.202105311346/tools/bin/../lib/gcc/arm-none-eabi/9.3.1/thumb/v7e-m+fp/hard/crtbegin.o
                [!provide]                        PROVIDE (__fini_array_end = .)
                0x00000000080049e8                . = ALIGN (0x4)
                0x00000000080049e8                _sidata = LOADADDR (.data)

.data           0x0000000020000000        0xc load address 0x00000000080049e8
                0x0000000020000000                . = ALIGN (0x4)
                0x0000000020000000                _sdata = .
 *(.data)
 *(.data*)
 .data.SystemCoreClock
                0x0000000020000000        0x4 ./Core/Src/system_stm32l4xx.o
                0x0000000020000000                SystemCoreClock
 .data.uwTickPrio
                0x0000000020000004        0x4 ./Drivers/STM32L4xx_HAL_Driver/Src/stm32l4xx_hal.o
                0x0000000020000004                uwTickPrio
 .data.uwTickFreq
                0x0000000020000008        0x1 ./Drivers/STM32L4xx_HAL_Driver/Src/stm32l4xx_hal.o
                0x0000000020000008                uwTickFreq
 *(.RamFunc)
 *(.RamFunc*)
                0x000000002000000c                . = ALIGN (0x4)
 *fill*         0x0000000020000009        0x3 
                0x000000002000000c                _edata = .

.igot.plt       0x000000002000000c        0x0 load address 0x00000000080049f4
 .igot.plt      0x000000002000000c        0x0 /opt/st/stm32cubeide_1.4.0/plugins/com.st.stm32cube.ide.mcu.externaltools.gnu-tools-for-stm32.9-2020-q2-update.linux64_2.0.0.202105311346/tools/bin/../lib/gcc/arm-none-eabi/9.3.1/thumb/v7e-m+fp/hard/crtbegin.o
                0x000000002000000c                . = ALIGN (0x4)

.bss            0x000000002000000c      0x684 load address 0x00000000080049f4
                0x000000002000000c                _sbss = .
                0x000000002000000c                __bss_start__ = _sbss
 *(.bss)
 .bss           0x000000002000000c       0x1c /opt/st/stm32cubeide_1.4.0/plugins/com.st.stm32cube.ide.mcu.externaltools.gnu-tools-for-stm32.9-2020-q2-update.linux64_2.0.0.202105311346/tools/bin/../lib/gcc/arm-none-eabi/9.3.1/thumb/v7e-m+fp/hard/crtbegin.o
 *(.bss*)
 .bss.DFSDM1_Init
                0x0000000020000028        0x4 ./Core/Src/stm32l4xx_hal_msp.o
 .bss.v_dfsdm1ChannelCounter
                0x000000002000002c        0x4 ./Drivers/STM32L4xx_HAL_Driver/Src/stm32l4xx_hal_dfsdm.o
 .bss.a_dfsdm1ChannelHandle
                0x0000000020000030       0x20 ./Drivers/STM32L4xx_HAL_Driver/Src/stm32l4xx_hal_dfsdm.o
 *(COMMON)
 COMMON         0x0000000020000050      0x63c ./Core/Src/main.o
                0x0000000020000050                hdfsdm1_channel1
                0x0000000020000088                huart3
                0x000000002000010c                hpcd_USB_OTG_FS
                0x0000000020000514                hi2c2
                0x0000000020000560                hspi3
                0x00000000200005c4                huart1
                0x0000000020000648                hqspi
 COMMON         0x000000002000068c        0x4 ./Drivers/STM32L4xx_HAL_Driver/Src/stm32l4xx_hal.o
                0x000000002000068c                uwTick
                0x0000000020000690                . = ALIGN (0x4)
                0x0000000020000690                _ebss = .
                0x0000000020000690                __bss_end__ = _ebss

._user_heap_stack
                0x0000000020000690      0x600 load address 0x00000000080049f4
                0x0000000020000690                . = ALIGN (0x8)
                [!provide]                        PROVIDE (end = .)
                0x0000000020000690                PROVIDE (_end = .)
                0x0000000020000890                . = (. + _Min_Heap_Size)
 *fill*         0x0000000020000690      0x200 
                0x0000000020000c90                . = (. + _Min_Stack_Size)
 *fill*         0x0000000020000890      0x400 
                0x0000000020000c90                . = ALIGN (0x8)

/DISCARD/
 libc.a(*)
 libm.a(*)
 libgcc.a(*)

.ARM.attributes
                0x0000000000000000       0x30
 *(.ARM.attributes)
 .ARM.attributes
                0x0000000000000000       0x1e /opt/st/stm32cubeide_1.4.0/plugins/com.st.stm32cube.ide.mcu.externaltools.gnu-tools-for-stm32.9-2020-q2-update.linux64_2.0.0.202105311346/tools/bin/../lib/gcc/arm-none-eabi/9.3.1/thumb/v7e-m+fp/hard/crti.o
 .ARM.attributes
                0x000000000000001e       0x34 /opt/st/stm32cubeide_1.4.0/plugins/com.st.stm32cube.ide.mcu.externaltools.gnu-tools-for-stm32.9-2020-q2-update.linux64_2.0.0.202105311346/tools/bin/../lib/gcc/arm-none-eabi/9.3.1/thumb/v7e-m+fp/hard/crtbegin.o
 .ARM.attributes
                0x0000000000000052       0x34 ./Core/Src/CppBlinkPinout.o
 .ARM.attributes
                0x0000000000000086       0x34 ./Core/Src/CppLedBlink.o
 .ARM.attributes
                0x00000000000000ba       0x34 ./Core/Src/EventLoop.o
 .ARM.attributes
                0x00000000000000ee       0x34 ./Core/Src/GpioPin.o
 .ARM.attributes
                0x0000000000000122       0x34 ./Core/Src/main.o
 .ARM.attributes
                0x0000000000000156       0x34 ./Core/Src/stm32l4xx_hal_msp.o
 .ARM.attributes
                0x000000000000018a       0x34 ./Core/Src/stm32l4xx_it.o
 .ARM.attributes
                0x00000000000001be       0x34 ./Core/Src/system_stm32l4xx.o
 .ARM.attributes
                0x00000000000001f2       0x21 ./Core/Startup/startup_stm32l475vgtx.o
 .ARM.attributes
                0x0000000000000213       0x34 ./Drivers/STM32L4xx_HAL_Driver/Src/stm32l4xx_hal.o
 .ARM.attributes
                0x0000000000000247       0x34 ./Drivers/STM32L4xx_HAL_Driver/Src/stm32l4xx_hal_cortex.o
 .ARM.attributes
                0x000000000000027b       0x34 ./Drivers/STM32L4xx_HAL_Driver/Src/stm32l4xx_hal_dfsdm.o
 .ARM.attributes
                0x00000000000002af       0x34 ./Drivers/STM32L4xx_HAL_Driver/Src/stm32l4xx_hal_gpio.o
 .ARM.attributes
                0x00000000000002e3       0x34 ./Drivers/STM32L4xx_HAL_Driver/Src/stm32l4xx_hal_i2c.o
 .ARM.attributes
                0x0000000000000317       0x34 ./Drivers/STM32L4xx_HAL_Driver/Src/stm32l4xx_hal_i2c_ex.o
 .ARM.attributes
                0x000000000000034b       0x34 ./Drivers/STM32L4xx_HAL_Driver/Src/stm32l4xx_hal_pcd.o
 .ARM.attributes
                0x000000000000037f       0x34 ./Drivers/STM32L4xx_HAL_Driver/Src/stm32l4xx_hal_pcd_ex.o
 .ARM.attributes
                0x00000000000003b3       0x34 ./Drivers/STM32L4xx_HAL_Driver/Src/stm32l4xx_hal_pwr.o
 .ARM.attributes
                0x00000000000003e7       0x34 ./Drivers/STM32L4xx_HAL_Driver/Src/stm32l4xx_hal_pwr_ex.o
 .ARM.attributes
                0x000000000000041b       0x34 ./Drivers/STM32L4xx_HAL_Driver/Src/stm32l4xx_hal_qspi.o
 .ARM.attributes
                0x000000000000044f       0x34 ./Drivers/STM32L4xx_HAL_Driver/Src/stm32l4xx_hal_rcc.o
 .ARM.attributes
                0x0000000000000483       0x34 ./Drivers/STM32L4xx_HAL_Driver/Src/stm32l4xx_hal_rcc_ex.o
 .ARM.attributes
                0x00000000000004b7       0x34 ./Drivers/STM32L4xx_HAL_Driver/Src/stm32l4xx_hal_spi.o
 .ARM.attributes
                0x00000000000004eb       0x34 ./Drivers/STM32L4xx_HAL_Driver/Src/stm32l4xx_hal_uart.o
 .ARM.attributes
                0x000000000000051f       0x34 ./Drivers/STM32L4xx_HAL_Driver/Src/stm32l4xx_ll_usb.o
 .ARM.attributes
                0x0000000000000553       0x34 /opt/st/stm32cubeide_1.4.0/plugins/com.st.stm32cube.ide.mcu.externaltools.gnu-tools-for-stm32.9-2020-q2-update.linux64_2.0.0.202105311346/tools/bin/../lib/gcc/arm-none-eabi/9.3.1/../../../../arm-none-eabi/lib/thumb/v7e-m+fp/hard/libc_nano.a(lib_a-init.o)
 .ARM.attributes
                0x0000000000000587       0x34 /opt/st/stm32cubeide_1.4.0/plugins/com.st.stm32cube.ide.mcu.externaltools.gnu-tools-for-stm32.9-2020-q2-update.linux64_2.0.0.202105311346/tools/bin/../lib/gcc/arm-none-eabi/9.3.1/../../../../arm-none-eabi/lib/thumb/v7e-m+fp/hard/libc_nano.a(lib_a-memset.o)
 .ARM.attributes
                0x00000000000005bb       0x1e /opt/st/stm32cubeide_1.4.0/plugins/com.st.stm32cube.ide.mcu.externaltools.gnu-tools-for-stm32.9-2020-q2-update.linux64_2.0.0.202105311346/tools/bin/../lib/gcc/arm-none-eabi/9.3.1/thumb/v7e-m+fp/hard/libgcc.a(_aeabi_uldivmod.o)
 .ARM.attributes
                0x00000000000005d9       0x34 /opt/st/stm32cubeide_1.4.0/plugins/com.st.stm32cube.ide.mcu.externaltools.gnu-tools-for-stm32.9-2020-q2-update.linux64_2.0.0.202105311346/tools/bin/../lib/gcc/arm-none-eabi/9.3.1/thumb/v7e-m+fp/hard/libgcc.a(_udivmoddi4.o)
 .ARM.attributes
                0x000000000000060d       0x1e /opt/st/stm32cubeide_1.4.0/plugins/com.st.stm32cube.ide.mcu.externaltools.gnu-tools-for-stm32.9-2020-q2-update.linux64_2.0.0.202105311346/tools/bin/../lib/gcc/arm-none-eabi/9.3.1/thumb/v7e-m+fp/hard/libgcc.a(_dvmd_tls.o)
 .ARM.attributes
                0x000000000000062b       0x1e /opt/st/stm32cubeide_1.4.0/plugins/com.st.stm32cube.ide.mcu.externaltools.gnu-tools-for-stm32.9-2020-q2-update.linux64_2.0.0.202105311346/tools/bin/../lib/gcc/arm-none-eabi/9.3.1/thumb/v7e-m+fp/hard/crtn.o
OUTPUT(CppBlink.elf elf32-littlearm)
LOAD linker stubs
LOAD /opt/st/stm32cubeide_1.4.0/plugins/com.st.stm32cube.ide.mcu.externaltools.gnu-tools-for-stm32.9-2020-q2-update.linux64_2.0.0.202105311346/tools/bin/../lib/gcc/arm-none-eabi/9.3.1/../../../../arm-none-eabi/lib/thumb/v7e-m+fp/hard/libc.a
LOAD /opt/st/stm32cubeide_1.4.0/plugins/com.st.stm32cube.ide.mcu.externaltools.gnu-tools-for-stm32.9-2020-q2-update.linux64_2.0.0.202105311346/tools/bin/../lib/gcc/arm-none-eabi/9.3.1/../../../../arm-none-eabi/lib/thumb/v7e-m+fp/hard/libm.a
LOAD /opt/st/stm32cubeide_1.4.0/plugins/com.st.stm32cube.ide.mcu.externaltools.gnu-tools-for-stm32.9-2020-q2-update.linux64_2.0.0.202105311346/tools/bin/../lib/gcc/arm-none-eabi/9.3.1/thumb/v7e-m+fp/hard/libgcc.a

.debug_info     0x0000000000000000    0x1c4dc
 .debug_info    0x0000000000000000      0x522 ./Core/Src/CppBlinkPinout.o
 .debug_info    0x0000000000000522      0x593 ./Core/Src/CppLedBlink.o
 .debug_info    0x0000000000000ab5      0xe00 ./Core/Src/EventLoop.o
 .debug_info    0x00000000000018b5      0x5d0 ./Core/Src/GpioPin.o
 .debug_info    0x0000000000001e85     0x291e ./Core/Src/main.o
 .debug_info    0x00000000000047a3     0x2170 ./Core/Src/stm32l4xx_hal_msp.o
 .debug_info    0x0000000000006913      0x3af ./Core/Src/stm32l4xx_it.o
 .debug_info    0x0000000000006cc2      0x772 ./Core/Src/system_stm32l4xx.o
 .debug_info    0x0000000000007434       0x22 ./Core/Startup/startup_stm32l475vgtx.o
 .debug_info    0x0000000000007456      0xcb3 ./Drivers/STM32L4xx_HAL_Driver/Src/stm32l4xx_hal.o
 .debug_info    0x0000000000008109     0x1028 ./Drivers/STM32L4xx_HAL_Driver/Src/stm32l4xx_hal_cortex.o
 .debug_info    0x0000000000009131     0x1d4a ./Drivers/STM32L4xx_HAL_Driver/Src/stm32l4xx_hal_dfsdm.o
 .debug_info    0x000000000000ae7b      0xa5e ./Drivers/STM32L4xx_HAL_Driver/Src/stm32l4xx_hal_gpio.o
 .debug_info    0x000000000000b8d9     0x236d ./Drivers/STM32L4xx_HAL_Driver/Src/stm32l4xx_hal_i2c.o
 .debug_info    0x000000000000dc46      0xc29 ./Drivers/STM32L4xx_HAL_Driver/Src/stm32l4xx_hal_i2c_ex.o
 .debug_info    0x000000000000e86f     0x143f ./Drivers/STM32L4xx_HAL_Driver/Src/stm32l4xx_hal_pcd.o
 .debug_info    0x000000000000fcae      0xa9d ./Drivers/STM32L4xx_HAL_Driver/Src/stm32l4xx_hal_pcd_ex.o
 .debug_info    0x000000000001074b      0xb39 ./Drivers/STM32L4xx_HAL_Driver/Src/stm32l4xx_hal_pwr.o
 .debug_info    0x0000000000011284      0xbda ./Drivers/STM32L4xx_HAL_Driver/Src/stm32l4xx_hal_pwr_ex.o
 .debug_info    0x0000000000011e5e     0x13ec ./Drivers/STM32L4xx_HAL_Driver/Src/stm32l4xx_hal_qspi.o
 .debug_info    0x000000000001324a      0xe37 ./Drivers/STM32L4xx_HAL_Driver/Src/stm32l4xx_hal_rcc.o
 .debug_info    0x0000000000014081     0x103f ./Drivers/STM32L4xx_HAL_Driver/Src/stm32l4xx_hal_rcc_ex.o
 .debug_info    0x00000000000150c0     0x1913 ./Drivers/STM32L4xx_HAL_Driver/Src/stm32l4xx_hal_spi.o
 .debug_info    0x00000000000169d3     0x3e4b ./Drivers/STM32L4xx_HAL_Driver/Src/stm32l4xx_hal_uart.o
 .debug_info    0x000000000001a81e     0x1cbe ./Drivers/STM32L4xx_HAL_Driver/Src/stm32l4xx_ll_usb.o

.debug_abbrev   0x0000000000000000     0x34f6
 .debug_abbrev  0x0000000000000000      0x1d0 ./Core/Src/CppBlinkPinout.o
 .debug_abbrev  0x00000000000001d0      0x208 ./Core/Src/CppLedBlink.o
 .debug_abbrev  0x00000000000003d8      0x270 ./Core/Src/EventLoop.o
 .debug_abbrev  0x0000000000000648      0x202 ./Core/Src/GpioPin.o
 .debug_abbrev  0x000000000000084a      0x2ed ./Core/Src/main.o
 .debug_abbrev  0x0000000000000b37      0x235 ./Core/Src/stm32l4xx_hal_msp.o
 .debug_abbrev  0x0000000000000d6c       0xf2 ./Core/Src/stm32l4xx_it.o
 .debug_abbrev  0x0000000000000e5e      0x165 ./Core/Src/system_stm32l4xx.o
 .debug_abbrev  0x0000000000000fc3       0x12 ./Core/Startup/startup_stm32l475vgtx.o
 .debug_abbrev  0x0000000000000fd5      0x227 ./Drivers/STM32L4xx_HAL_Driver/Src/stm32l4xx_hal.o
 .debug_abbrev  0x00000000000011fc      0x33c ./Drivers/STM32L4xx_HAL_Driver/Src/stm32l4xx_hal_cortex.o
 .debug_abbrev  0x0000000000001538      0x267 ./Drivers/STM32L4xx_HAL_Driver/Src/stm32l4xx_hal_dfsdm.o
 .debug_abbrev  0x000000000000179f      0x1e8 ./Drivers/STM32L4xx_HAL_Driver/Src/stm32l4xx_hal_gpio.o
 .debug_abbrev  0x0000000000001987      0x256 ./Drivers/STM32L4xx_HAL_Driver/Src/stm32l4xx_hal_i2c.o
 .debug_abbrev  0x0000000000001bdd      0x1dd ./Drivers/STM32L4xx_HAL_Driver/Src/stm32l4xx_hal_i2c_ex.o
 .debug_abbrev  0x0000000000001dba      0x282 ./Drivers/STM32L4xx_HAL_Driver/Src/stm32l4xx_hal_pcd.o
 .debug_abbrev  0x000000000000203c      0x246 ./Drivers/STM32L4xx_HAL_Driver/Src/stm32l4xx_hal_pcd_ex.o
 .debug_abbrev  0x0000000000002282      0x1ab ./Drivers/STM32L4xx_HAL_Driver/Src/stm32l4xx_hal_pwr.o
 .debug_abbrev  0x000000000000242d      0x1f3 ./Drivers/STM32L4xx_HAL_Driver/Src/stm32l4xx_hal_pwr_ex.o
 .debug_abbrev  0x0000000000002620      0x24b ./Drivers/STM32L4xx_HAL_Driver/Src/stm32l4xx_hal_qspi.o
 .debug_abbrev  0x000000000000286b      0x275 ./Drivers/STM32L4xx_HAL_Driver/Src/stm32l4xx_hal_rcc.o
 .debug_abbrev  0x0000000000002ae0      0x268 ./Drivers/STM32L4xx_HAL_Driver/Src/stm32l4xx_hal_rcc_ex.o
 .debug_abbrev  0x0000000000002d48      0x254 ./Drivers/STM32L4xx_HAL_Driver/Src/stm32l4xx_hal_spi.o
 .debug_abbrev  0x0000000000002f9c      0x2b3 ./Drivers/STM32L4xx_HAL_Driver/Src/stm32l4xx_hal_uart.o
 .debug_abbrev  0x000000000000324f      0x2a7 ./Drivers/STM32L4xx_HAL_Driver/Src/stm32l4xx_ll_usb.o

.debug_aranges  0x0000000000000000     0x15e8
 .debug_aranges
                0x0000000000000000       0x20 ./Core/Src/CppBlinkPinout.o
 .debug_aranges
                0x0000000000000020       0x20 ./Core/Src/CppLedBlink.o
 .debug_aranges
                0x0000000000000040       0x28 ./Core/Src/EventLoop.o
 .debug_aranges
                0x0000000000000068       0x40 ./Core/Src/GpioPin.o
 .debug_aranges
                0x00000000000000a8       0x70 ./Core/Src/main.o
 .debug_aranges
                0x0000000000000118       0x80 ./Core/Src/stm32l4xx_hal_msp.o
 .debug_aranges
                0x0000000000000198       0x70 ./Core/Src/stm32l4xx_it.o
 .debug_aranges
                0x0000000000000208       0x28 ./Core/Src/system_stm32l4xx.o
 .debug_aranges
                0x0000000000000230       0x28 ./Core/Startup/startup_stm32l475vgtx.o
 .debug_aranges
                0x0000000000000258      0x130 ./Drivers/STM32L4xx_HAL_Driver/Src/stm32l4xx_hal.o
 .debug_aranges
                0x0000000000000388      0x118 ./Drivers/STM32L4xx_HAL_Driver/Src/stm32l4xx_hal_cortex.o
 .debug_aranges
                0x00000000000004a0      0x248 ./Drivers/STM32L4xx_HAL_Driver/Src/stm32l4xx_hal_dfsdm.o
 .debug_aranges
                0x00000000000006e8       0x58 ./Drivers/STM32L4xx_HAL_Driver/Src/stm32l4xx_hal_gpio.o
 .debug_aranges
                0x0000000000000740      0x290 ./Drivers/STM32L4xx_HAL_Driver/Src/stm32l4xx_hal_i2c.o
 .debug_aranges
                0x00000000000009d0       0x48 ./Drivers/STM32L4xx_HAL_Driver/Src/stm32l4xx_hal_i2c_ex.o
 .debug_aranges
                0x0000000000000a18      0x138 ./Drivers/STM32L4xx_HAL_Driver/Src/stm32l4xx_hal_pcd.o
 .debug_aranges
                0x0000000000000b50       0x60 ./Drivers/STM32L4xx_HAL_Driver/Src/stm32l4xx_hal_pcd_ex.o
 .debug_aranges
                0x0000000000000bb0       0x98 ./Drivers/STM32L4xx_HAL_Driver/Src/stm32l4xx_hal_pwr.o
 .debug_aranges
                0x0000000000000c48      0x150 ./Drivers/STM32L4xx_HAL_Driver/Src/stm32l4xx_hal_pwr_ex.o
 .debug_aranges
                0x0000000000000d98      0x160 ./Drivers/STM32L4xx_HAL_Driver/Src/stm32l4xx_hal_qspi.o
 .debug_aranges
                0x0000000000000ef8       0x90 ./Drivers/STM32L4xx_HAL_Driver/Src/stm32l4xx_hal_rcc.o
 .debug_aranges
                0x0000000000000f88       0xc0 ./Drivers/STM32L4xx_HAL_Driver/Src/stm32l4xx_hal_rcc_ex.o
 .debug_aranges
                0x0000000000001048      0x1d8 ./Drivers/STM32L4xx_HAL_Driver/Src/stm32l4xx_hal_spi.o
 .debug_aranges
                0x0000000000001220      0x228 ./Drivers/STM32L4xx_HAL_Driver/Src/stm32l4xx_hal_uart.o
 .debug_aranges
                0x0000000000001448      0x1a0 ./Drivers/STM32L4xx_HAL_Driver/Src/stm32l4xx_ll_usb.o

.debug_ranges   0x0000000000000000     0x1490
 .debug_ranges  0x0000000000000000       0x10 ./Core/Src/CppBlinkPinout.o
 .debug_ranges  0x0000000000000010       0x10 ./Core/Src/CppLedBlink.o
 .debug_ranges  0x0000000000000020       0x18 ./Core/Src/EventLoop.o
 .debug_ranges  0x0000000000000038       0x30 ./Core/Src/GpioPin.o
 .debug_ranges  0x0000000000000068       0x60 ./Core/Src/main.o
 .debug_ranges  0x00000000000000c8       0x70 ./Core/Src/stm32l4xx_hal_msp.o
 .debug_ranges  0x0000000000000138       0x60 ./Core/Src/stm32l4xx_it.o
 .debug_ranges  0x0000000000000198       0x18 ./Core/Src/system_stm32l4xx.o
 .debug_ranges  0x00000000000001b0       0x20 ./Core/Startup/startup_stm32l475vgtx.o
 .debug_ranges  0x00000000000001d0      0x120 ./Drivers/STM32L4xx_HAL_Driver/Src/stm32l4xx_hal.o
 .debug_ranges  0x00000000000002f0      0x108 ./Drivers/STM32L4xx_HAL_Driver/Src/stm32l4xx_hal_cortex.o
 .debug_ranges  0x00000000000003f8      0x238 ./Drivers/STM32L4xx_HAL_Driver/Src/stm32l4xx_hal_dfsdm.o
 .debug_ranges  0x0000000000000630       0x48 ./Drivers/STM32L4xx_HAL_Driver/Src/stm32l4xx_hal_gpio.o
 .debug_ranges  0x0000000000000678      0x280 ./Drivers/STM32L4xx_HAL_Driver/Src/stm32l4xx_hal_i2c.o
 .debug_ranges  0x00000000000008f8       0x38 ./Drivers/STM32L4xx_HAL_Driver/Src/stm32l4xx_hal_i2c_ex.o
 .debug_ranges  0x0000000000000930      0x128 ./Drivers/STM32L4xx_HAL_Driver/Src/stm32l4xx_hal_pcd.o
 .debug_ranges  0x0000000000000a58       0x50 ./Drivers/STM32L4xx_HAL_Driver/Src/stm32l4xx_hal_pcd_ex.o
 .debug_ranges  0x0000000000000aa8       0x88 ./Drivers/STM32L4xx_HAL_Driver/Src/stm32l4xx_hal_pwr.o
 .debug_ranges  0x0000000000000b30      0x140 ./Drivers/STM32L4xx_HAL_Driver/Src/stm32l4xx_hal_pwr_ex.o
 .debug_ranges  0x0000000000000c70      0x150 ./Drivers/STM32L4xx_HAL_Driver/Src/stm32l4xx_hal_qspi.o
 .debug_ranges  0x0000000000000dc0       0x80 ./Drivers/STM32L4xx_HAL_Driver/Src/stm32l4xx_hal_rcc.o
 .debug_ranges  0x0000000000000e40       0xb0 ./Drivers/STM32L4xx_HAL_Driver/Src/stm32l4xx_hal_rcc_ex.o
 .debug_ranges  0x0000000000000ef0      0x1c8 ./Drivers/STM32L4xx_HAL_Driver/Src/stm32l4xx_hal_spi.o
 .debug_ranges  0x00000000000010b8      0x248 ./Drivers/STM32L4xx_HAL_Driver/Src/stm32l4xx_hal_uart.o
 .debug_ranges  0x0000000000001300      0x190 ./Drivers/STM32L4xx_HAL_Driver/Src/stm32l4xx_ll_usb.o

.debug_macro    0x0000000000000000    0x2b1e3
 .debug_macro   0x0000000000000000      0x234 ./Core/Src/CppBlinkPinout.o
 .debug_macro   0x0000000000000234      0xb80 ./Core/Src/CppBlinkPinout.o
 .debug_macro   0x0000000000000db4      0x1bf ./Core/Src/CppBlinkPinout.o
 .debug_macro   0x0000000000000f73       0x2e ./Core/Src/CppBlinkPinout.o
 .debug_macro   0x0000000000000fa1       0x28 ./Core/Src/CppBlinkPinout.o
 .debug_macro   0x0000000000000fc9       0x1c ./Core/Src/CppBlinkPinout.o
 .debug_macro   0x0000000000000fe5       0x22 ./Core/Src/CppBlinkPinout.o
 .debug_macro   0x0000000000001007       0x8e ./Core/Src/CppBlinkPinout.o
 .debug_macro   0x0000000000001095       0x51 ./Core/Src/CppBlinkPinout.o
 .debug_macro   0x00000000000010e6      0x103 ./Core/Src/CppBlinkPinout.o
 .debug_macro   0x00000000000011e9       0x6a ./Core/Src/CppBlinkPinout.o
 .debug_macro   0x0000000000001253      0x1df ./Core/Src/CppBlinkPinout.o
 .debug_macro   0x0000000000001432       0x1c ./Core/Src/CppBlinkPinout.o
 .debug_macro   0x000000000000144e       0x22 ./Core/Src/CppBlinkPinout.o
 .debug_macro   0x0000000000001470      0x101 ./Core/Src/CppBlinkPinout.o
 .debug_macro   0x0000000000001571     0x1011 ./Core/Src/CppBlinkPinout.o
 .debug_macro   0x0000000000002582      0x11f ./Core/Src/CppBlinkPinout.o
 .debug_macro   0x00000000000026a1    0x19dc5 ./Core/Src/CppBlinkPinout.o
 .debug_macro   0x000000000001c466       0x6d ./Core/Src/CppBlinkPinout.o
 .debug_macro   0x000000000001c4d3     0x38e2 ./Core/Src/CppBlinkPinout.o
 .debug_macro   0x000000000001fdb5      0x17b ./Core/Src/CppBlinkPinout.o
 .debug_macro   0x000000000001ff30       0x5c ./Core/Src/CppBlinkPinout.o
 .debug_macro   0x000000000001ff8c     0x1558 ./Core/Src/CppBlinkPinout.o
 .debug_macro   0x00000000000214e4      0x5a5 ./Core/Src/CppBlinkPinout.o
 .debug_macro   0x0000000000021a89      0x1b9 ./Core/Src/CppBlinkPinout.o
 .debug_macro   0x0000000000021c42      0x17d ./Core/Src/CppBlinkPinout.o
 .debug_macro   0x0000000000021dbf      0x26b ./Core/Src/CppBlinkPinout.o
 .debug_macro   0x000000000002202a      0x29c ./Core/Src/CppBlinkPinout.o
 .debug_macro   0x00000000000222c6      0x23d ./Core/Src/CppBlinkPinout.o
 .debug_macro   0x0000000000022503      0x241 ./Core/Src/CppBlinkPinout.o
 .debug_macro   0x0000000000022744      0x37c ./Core/Src/CppBlinkPinout.o
 .debug_macro   0x0000000000022ac0       0xd6 ./Core/Src/CppBlinkPinout.o
 .debug_macro   0x0000000000022b96      0x22c ./Core/Src/CppBlinkPinout.o
 .debug_macro   0x0000000000022dc2       0x61 ./Core/Src/CppBlinkPinout.o
 .debug_macro   0x0000000000022e23       0xa5 ./Core/Src/CppBlinkPinout.o
 .debug_macro   0x0000000000022ec8      0x1ed ./Core/Src/CppBlinkPinout.o
 .debug_macro   0x00000000000230b5       0x97 ./Core/Src/CppBlinkPinout.o
 .debug_macro   0x000000000002314c      0x122 ./Core/Src/CppBlinkPinout.o
 .debug_macro   0x000000000002326e      0x3e8 ./Core/Src/CppBlinkPinout.o
 .debug_macro   0x0000000000023656      0x2a3 ./Core/Src/CppBlinkPinout.o
 .debug_macro   0x00000000000238f9      0x2fe ./Core/Src/CppBlinkPinout.o
 .debug_macro   0x0000000000023bf7      0x5ba ./Core/Src/CppBlinkPinout.o
 .debug_macro   0x00000000000241b1       0x44 ./Core/Src/CppBlinkPinout.o
 .debug_macro   0x00000000000241f5      0x330 ./Core/Src/CppBlinkPinout.o
 .debug_macro   0x0000000000024525      0x44a ./Core/Src/CppBlinkPinout.o
 .debug_macro   0x000000000002496f      0x23e ./Core/Src/CppLedBlink.o
 .debug_macro   0x0000000000024bad      0x3a7 ./Core/Src/EventLoop.o
 .debug_macro   0x0000000000024f54       0x52 ./Core/Src/EventLoop.o
 .debug_macro   0x0000000000024fa6       0x18 ./Core/Src/EventLoop.o
 .debug_macro   0x0000000000024fbe       0x3c ./Core/Src/EventLoop.o
 .debug_macro   0x0000000000024ffa       0x34 ./Core/Src/EventLoop.o
 .debug_macro   0x000000000002502e       0x16 ./Core/Src/EventLoop.o
 .debug_macro   0x0000000000025044       0x97 ./Core/Src/EventLoop.o
 .debug_macro   0x00000000000250db      0x35c ./Core/Src/EventLoop.o
 .debug_macro   0x0000000000025437      0x104 ./Core/Src/EventLoop.o
 .debug_macro   0x000000000002553b       0x10 ./Core/Src/EventLoop.o
 .debug_macro   0x000000000002554b       0x16 ./Core/Src/EventLoop.o
 .debug_macro   0x0000000000025561       0x43 ./Core/Src/EventLoop.o
 .debug_macro   0x00000000000255a4       0x34 ./Core/Src/EventLoop.o
 .debug_macro   0x00000000000255d8       0x10 ./Core/Src/EventLoop.o
 .debug_macro   0x00000000000255e8       0x58 ./Core/Src/EventLoop.o
 .debug_macro   0x0000000000025640       0x71 ./Core/Src/EventLoop.o
 .debug_macro   0x00000000000256b1       0x16 ./Core/Src/EventLoop.o
 .debug_macro   0x00000000000256c7      0x12a ./Core/Src/EventLoop.o
 .debug_macro   0x00000000000257f1       0x10 ./Core/Src/EventLoop.o
 .debug_macro   0x0000000000025801       0x1c ./Core/Src/EventLoop.o
 .debug_macro   0x000000000002581d       0x52 ./Core/Src/EventLoop.o
 .debug_macro   0x000000000002586f       0x22 ./Core/Src/EventLoop.o
 .debug_macro   0x0000000000025891       0x10 ./Core/Src/EventLoop.o
 .debug_macro   0x00000000000258a1       0x40 ./Core/Src/EventLoop.o
 .debug_macro   0x00000000000258e1       0xd5 ./Core/Src/EventLoop.o
 .debug_macro   0x00000000000259b6       0x1c ./Core/Src/EventLoop.o
 .debug_macro   0x00000000000259d2       0x3d ./Core/Src/EventLoop.o
 .debug_macro   0x0000000000025a0f       0x16 ./Core/Src/EventLoop.o
 .debug_macro   0x0000000000025a25      0x137 ./Core/Src/EventLoop.o
 .debug_macro   0x0000000000025b5c       0xfb ./Core/Src/EventLoop.o
 .debug_macro   0x0000000000025c57       0x56 ./Core/Src/EventLoop.o
 .debug_macro   0x0000000000025cad      0x221 ./Core/Src/GpioPin.o
 .debug_macro   0x0000000000025ece      0x38a ./Core/Src/main.o
 .debug_macro   0x0000000000026258      0xaa8 ./Core/Src/main.o
 .debug_macro   0x0000000000026d00     0x1011 ./Core/Src/main.o
 .debug_macro   0x0000000000027d11      0x174 ./Core/Src/main.o
 .debug_macro   0x0000000000027e85      0x444 ./Core/Src/main.o
 .debug_macro   0x00000000000282c9       0x34 ./Core/Src/main.o
 .debug_macro   0x00000000000282fd       0x35 ./Core/Src/main.o
 .debug_macro   0x0000000000028332      0x333 ./Core/Src/main.o
 .debug_macro   0x0000000000028665       0x43 ./Core/Src/main.o
 .debug_macro   0x00000000000286a8       0x1c ./Core/Src/main.o
 .debug_macro   0x00000000000286c4      0x145 ./Core/Src/main.o
 .debug_macro   0x0000000000028809      0x221 ./Core/Src/stm32l4xx_hal_msp.o
 .debug_macro   0x0000000000028a2a      0x22b ./Core/Src/stm32l4xx_it.o
 .debug_macro   0x0000000000028c55      0x212 ./Core/Src/system_stm32l4xx.o
 .debug_macro   0x0000000000028e67      0x260 ./Drivers/STM32L4xx_HAL_Driver/Src/stm32l4xx_hal.o
 .debug_macro   0x00000000000290c7      0x212 ./Drivers/STM32L4xx_HAL_Driver/Src/stm32l4xx_hal_cortex.o
 .debug_macro   0x00000000000292d9      0x236 ./Drivers/STM32L4xx_HAL_Driver/Src/stm32l4xx_hal_dfsdm.o
 .debug_macro   0x000000000002950f      0x219 ./Drivers/STM32L4xx_HAL_Driver/Src/stm32l4xx_hal_gpio.o
 .debug_macro   0x0000000000029728      0x2de ./Drivers/STM32L4xx_HAL_Driver/Src/stm32l4xx_hal_i2c.o
 .debug_macro   0x0000000000029a06      0x212 ./Drivers/STM32L4xx_HAL_Driver/Src/stm32l4xx_hal_i2c_ex.o
 .debug_macro   0x0000000000029c18      0x21e ./Drivers/STM32L4xx_HAL_Driver/Src/stm32l4xx_hal_pcd.o
 .debug_macro   0x0000000000029e36      0x212 ./Drivers/STM32L4xx_HAL_Driver/Src/stm32l4xx_hal_pcd_ex.o
 .debug_macro   0x000000000002a048      0x22a ./Drivers/STM32L4xx_HAL_Driver/Src/stm32l4xx_hal_pwr.o
 .debug_macro   0x000000000002a272      0x236 ./Drivers/STM32L4xx_HAL_Driver/Src/stm32l4xx_hal_pwr_ex.o
 .debug_macro   0x000000000002a4a8      0x236 ./Drivers/STM32L4xx_HAL_Driver/Src/stm32l4xx_hal_qspi.o
 .debug_macro   0x000000000002a6de      0x254 ./Drivers/STM32L4xx_HAL_Driver/Src/stm32l4xx_hal_rcc.o
 .debug_macro   0x000000000002a932      0x248 ./Drivers/STM32L4xx_HAL_Driver/Src/stm32l4xx_hal_rcc_ex.o
 .debug_macro   0x000000000002ab7a      0x21a ./Drivers/STM32L4xx_HAL_Driver/Src/stm32l4xx_hal_spi.o
 .debug_macro   0x000000000002ad94      0x23d ./Drivers/STM32L4xx_HAL_Driver/Src/stm32l4xx_hal_uart.o
 .debug_macro   0x000000000002afd1      0x212 ./Drivers/STM32L4xx_HAL_Driver/Src/stm32l4xx_ll_usb.o

.debug_line     0x0000000000000000    0x19d0b
 .debug_line    0x0000000000000000      0x76d ./Core/Src/CppBlinkPinout.o
 .debug_line    0x000000000000076d      0x791 ./Core/Src/CppLedBlink.o
 .debug_line    0x0000000000000efe      0x97b ./Core/Src/EventLoop.o
 .debug_line    0x0000000000001879      0x7a5 ./Core/Src/GpioPin.o
 .debug_line    0x000000000000201e      0xca6 ./Core/Src/main.o
 .debug_line    0x0000000000002cc4      0x9ee ./Core/Src/stm32l4xx_hal_msp.o
 .debug_line    0x00000000000036b2      0x846 ./Core/Src/stm32l4xx_it.o
 .debug_line    0x0000000000003ef8      0x7e2 ./Core/Src/system_stm32l4xx.o
 .debug_line    0x00000000000046da       0x88 ./Core/Startup/startup_stm32l475vgtx.o
 .debug_line    0x0000000000004762      0xb3c ./Drivers/STM32L4xx_HAL_Driver/Src/stm32l4xx_hal.o
 .debug_line    0x000000000000529e      0xce3 ./Drivers/STM32L4xx_HAL_Driver/Src/stm32l4xx_hal_cortex.o
 .debug_line    0x0000000000005f81     0x1eb4 ./Drivers/STM32L4xx_HAL_Driver/Src/stm32l4xx_hal_dfsdm.o
 .debug_line    0x0000000000007e35      0xbb0 ./Drivers/STM32L4xx_HAL_Driver/Src/stm32l4xx_hal_gpio.o
 .debug_line    0x00000000000089e5     0x33d4 ./Drivers/STM32L4xx_HAL_Driver/Src/stm32l4xx_hal_i2c.o
 .debug_line    0x000000000000bdb9      0x96a ./Drivers/STM32L4xx_HAL_Driver/Src/stm32l4xx_hal_i2c_ex.o
 .debug_line    0x000000000000c723     0x1262 ./Drivers/STM32L4xx_HAL_Driver/Src/stm32l4xx_hal_pcd.o
 .debug_line    0x000000000000d985      0x928 ./Drivers/STM32L4xx_HAL_Driver/Src/stm32l4xx_hal_pcd_ex.o
 .debug_line    0x000000000000e2ad      0x919 ./Drivers/STM32L4xx_HAL_Driver/Src/stm32l4xx_hal_pwr.o
 .debug_line    0x000000000000ebc6      0xcf8 ./Drivers/STM32L4xx_HAL_Driver/Src/stm32l4xx_hal_pwr_ex.o
 .debug_line    0x000000000000f8be     0x142d ./Drivers/STM32L4xx_HAL_Driver/Src/stm32l4xx_hal_qspi.o
 .debug_line    0x0000000000010ceb      0xfa2 ./Drivers/STM32L4xx_HAL_Driver/Src/stm32l4xx_hal_rcc.o
 .debug_line    0x0000000000011c8d     0x14f5 ./Drivers/STM32L4xx_HAL_Driver/Src/stm32l4xx_hal_rcc_ex.o
 .debug_line    0x0000000000013182     0x1f76 ./Drivers/STM32L4xx_HAL_Driver/Src/stm32l4xx_hal_spi.o
 .debug_line    0x00000000000150f8     0x32b9 ./Drivers/STM32L4xx_HAL_Driver/Src/stm32l4xx_hal_uart.o
 .debug_line    0x00000000000183b1     0x195a ./Drivers/STM32L4xx_HAL_Driver/Src/stm32l4xx_ll_usb.o

.debug_str      0x0000000000000000    0xf42d6
 .debug_str     0x0000000000000000    0xe8d90 ./Core/Src/CppBlinkPinout.o
                                      0xe90e2 (size before relaxing)
 .debug_str     0x00000000000e8d90       0x6c ./Core/Src/CppLedBlink.o
                                      0xe9117 (size before relaxing)
 .debug_str     0x00000000000e8dfc     0x40d1 ./Core/Src/EventLoop.o
                                      0xed22a (size before relaxing)
 .debug_str     0x00000000000ececd       0x68 ./Core/Src/GpioPin.o
                                      0xe7d54 (size before relaxing)
 .debug_str     0x00000000000ecf35     0x1897 ./Core/Src/main.o
                                      0xee3a9 (size before relaxing)
 .debug_str     0x00000000000ee7cc      0x38c ./Core/Src/stm32l4xx_hal_msp.o
                                      0xe9f60 (size before relaxing)
 .debug_str     0x00000000000eeb58       0xe5 ./Core/Src/stm32l4xx_it.o
                                      0xe8b74 (size before relaxing)
 .debug_str     0x00000000000eec3d       0xb8 ./Core/Src/system_stm32l4xx.o
                                      0xe78f4 (size before relaxing)
 .debug_str     0x00000000000eecf5       0x36 ./Core/Startup/startup_stm32l475vgtx.o
                                         0x6f (size before relaxing)
 .debug_str     0x00000000000eed2b      0x598 ./Drivers/STM32L4xx_HAL_Driver/Src/stm32l4xx_hal.o
                                      0xe83ea (size before relaxing)
 .debug_str     0x00000000000ef2c3      0x389 ./Drivers/STM32L4xx_HAL_Driver/Src/stm32l4xx_hal_cortex.o
                                      0xe815a (size before relaxing)
 .debug_str     0x00000000000ef64c      0xc28 ./Drivers/STM32L4xx_HAL_Driver/Src/stm32l4xx_hal_dfsdm.o
                                      0xe87d8 (size before relaxing)
 .debug_str     0x00000000000f0274      0x153 ./Drivers/STM32L4xx_HAL_Driver/Src/stm32l4xx_hal_gpio.o
                                      0xe7ab9 (size before relaxing)
 .debug_str     0x00000000000f03c7      0xd89 ./Drivers/STM32L4xx_HAL_Driver/Src/stm32l4xx_hal_i2c.o
                                      0xe8a7d (size before relaxing)
 .debug_str     0x00000000000f1150       0xb8 ./Drivers/STM32L4xx_HAL_Driver/Src/stm32l4xx_hal_i2c_ex.o
                                      0xe7e18 (size before relaxing)
 .debug_str     0x00000000000f1208      0x542 ./Drivers/STM32L4xx_HAL_Driver/Src/stm32l4xx_hal_pcd.o
                                      0xe8084 (size before relaxing)
 .debug_str     0x00000000000f174a      0x1b4 ./Drivers/STM32L4xx_HAL_Driver/Src/stm32l4xx_hal_pcd_ex.o
                                      0xe7ceb (size before relaxing)
 .debug_str     0x00000000000f18fe      0x2f1 ./Drivers/STM32L4xx_HAL_Driver/Src/stm32l4xx_hal_pwr.o
                                      0xe7c26 (size before relaxing)
 .debug_str     0x00000000000f1bef      0x43e ./Drivers/STM32L4xx_HAL_Driver/Src/stm32l4xx_hal_pwr_ex.o
                                      0xe7e2a (size before relaxing)
 .debug_str     0x00000000000f202d      0x6b3 ./Drivers/STM32L4xx_HAL_Driver/Src/stm32l4xx_hal_qspi.o
                                      0xe81ee (size before relaxing)
 .debug_str     0x00000000000f26e0      0x3c7 ./Drivers/STM32L4xx_HAL_Driver/Src/stm32l4xx_hal_rcc.o
                                      0xe7eee (size before relaxing)
 .debug_str     0x00000000000f2aa7      0x3a6 ./Drivers/STM32L4xx_HAL_Driver/Src/stm32l4xx_hal_rcc_ex.o
                                      0xe8062 (size before relaxing)
 .debug_str     0x00000000000f2e4d      0x53f ./Drivers/STM32L4xx_HAL_Driver/Src/stm32l4xx_hal_spi.o
                                      0xe80cc (size before relaxing)
 .debug_str     0x00000000000f338c      0x89c ./Drivers/STM32L4xx_HAL_Driver/Src/stm32l4xx_hal_uart.o
                                      0xe8576 (size before relaxing)
 .debug_str     0x00000000000f3c28      0x6ae ./Drivers/STM32L4xx_HAL_Driver/Src/stm32l4xx_ll_usb.o
                                      0xe8221 (size before relaxing)

.comment        0x0000000000000000       0x53
 .comment       0x0000000000000000       0x53 ./Core/Src/CppBlinkPinout.o
                                         0x54 (size before relaxing)
 .comment       0x0000000000000053       0x54 ./Core/Src/CppLedBlink.o
 .comment       0x0000000000000053       0x54 ./Core/Src/EventLoop.o
 .comment       0x0000000000000053       0x54 ./Core/Src/GpioPin.o
 .comment       0x0000000000000053       0x54 ./Core/Src/main.o
 .comment       0x0000000000000053       0x54 ./Core/Src/stm32l4xx_hal_msp.o
 .comment       0x0000000000000053       0x54 ./Core/Src/stm32l4xx_it.o
 .comment       0x0000000000000053       0x54 ./Core/Src/system_stm32l4xx.o
 .comment       0x0000000000000053       0x54 ./Drivers/STM32L4xx_HAL_Driver/Src/stm32l4xx_hal.o
 .comment       0x0000000000000053       0x54 ./Drivers/STM32L4xx_HAL_Driver/Src/stm32l4xx_hal_cortex.o
 .comment       0x0000000000000053       0x54 ./Drivers/STM32L4xx_HAL_Driver/Src/stm32l4xx_hal_dfsdm.o
 .comment       0x0000000000000053       0x54 ./Drivers/STM32L4xx_HAL_Driver/Src/stm32l4xx_hal_gpio.o
 .comment       0x0000000000000053       0x54 ./Drivers/STM32L4xx_HAL_Driver/Src/stm32l4xx_hal_i2c.o
 .comment       0x0000000000000053       0x54 ./Drivers/STM32L4xx_HAL_Driver/Src/stm32l4xx_hal_i2c_ex.o
 .comment       0x0000000000000053       0x54 ./Drivers/STM32L4xx_HAL_Driver/Src/stm32l4xx_hal_pcd.o
 .comment       0x0000000000000053       0x54 ./Drivers/STM32L4xx_HAL_Driver/Src/stm32l4xx_hal_pcd_ex.o
 .comment       0x0000000000000053       0x54 ./Drivers/STM32L4xx_HAL_Driver/Src/stm32l4xx_hal_pwr.o
 .comment       0x0000000000000053       0x54 ./Drivers/STM32L4xx_HAL_Driver/Src/stm32l4xx_hal_pwr_ex.o
 .comment       0x0000000000000053       0x54 ./Drivers/STM32L4xx_HAL_Driver/Src/stm32l4xx_hal_qspi.o
 .comment       0x0000000000000053       0x54 ./Drivers/STM32L4xx_HAL_Driver/Src/stm32l4xx_hal_rcc.o
 .comment       0x0000000000000053       0x54 ./Drivers/STM32L4xx_HAL_Driver/Src/stm32l4xx_hal_rcc_ex.o
 .comment       0x0000000000000053       0x54 ./Drivers/STM32L4xx_HAL_Driver/Src/stm32l4xx_hal_spi.o
 .comment       0x0000000000000053       0x54 ./Drivers/STM32L4xx_HAL_Driver/Src/stm32l4xx_hal_uart.o
 .comment       0x0000000000000053       0x54 ./Drivers/STM32L4xx_HAL_Driver/Src/stm32l4xx_ll_usb.o

.debug_frame    0x0000000000000000     0x5cac
 .debug_frame   0x0000000000000000       0x34 ./Core/Src/CppBlinkPinout.o
 .debug_frame   0x0000000000000034       0x30 ./Core/Src/CppLedBlink.o
 .debug_frame   0x0000000000000064       0x50 ./Core/Src/EventLoop.o
 .debug_frame   0x00000000000000b4       0xc8 ./Core/Src/GpioPin.o
 .debug_frame   0x000000000000017c      0x154 ./Core/Src/main.o
 .debug_frame   0x00000000000002d0      0x1f8 ./Core/Src/stm32l4xx_hal_msp.o
 .debug_frame   0x00000000000004c8      0x13c ./Core/Src/stm32l4xx_it.o
 .debug_frame   0x0000000000000604       0x58 ./Core/Src/system_stm32l4xx.o
 .debug_frame   0x000000000000065c      0x498 ./Drivers/STM32L4xx_HAL_Driver/Src/stm32l4xx_hal.o
 .debug_frame   0x0000000000000af4      0x498 ./Drivers/STM32L4xx_HAL_Driver/Src/stm32l4xx_hal_cortex.o
 .debug_frame   0x0000000000000f8c      0xa78 ./Drivers/STM32L4xx_HAL_Driver/Src/stm32l4xx_hal_dfsdm.o
 .debug_frame   0x0000000000001a04      0x14c ./Drivers/STM32L4xx_HAL_Driver/Src/stm32l4xx_hal_gpio.o
 .debug_frame   0x0000000000001b50      0xbe8 ./Drivers/STM32L4xx_HAL_Driver/Src/stm32l4xx_hal_i2c.o
 .debug_frame   0x0000000000002738      0x100 ./Drivers/STM32L4xx_HAL_Driver/Src/stm32l4xx_hal_i2c_ex.o
 .debug_frame   0x0000000000002838      0x568 ./Drivers/STM32L4xx_HAL_Driver/Src/stm32l4xx_hal_pcd.o
 .debug_frame   0x0000000000002da0      0x174 ./Drivers/STM32L4xx_HAL_Driver/Src/stm32l4xx_hal_pcd_ex.o
 .debug_frame   0x0000000000002f14      0x230 ./Drivers/STM32L4xx_HAL_Driver/Src/stm32l4xx_hal_pwr.o
 .debug_frame   0x0000000000003144      0x544 ./Drivers/STM32L4xx_HAL_Driver/Src/stm32l4xx_hal_pwr_ex.o
 .debug_frame   0x0000000000003688      0x658 ./Drivers/STM32L4xx_HAL_Driver/Src/stm32l4xx_hal_qspi.o
 .debug_frame   0x0000000000003ce0      0x21c ./Drivers/STM32L4xx_HAL_Driver/Src/stm32l4xx_hal_rcc.o
 .debug_frame   0x0000000000003efc      0x2fc ./Drivers/STM32L4xx_HAL_Driver/Src/stm32l4xx_hal_rcc_ex.o
 .debug_frame   0x00000000000041f8      0x860 ./Drivers/STM32L4xx_HAL_Driver/Src/stm32l4xx_hal_spi.o
 .debug_frame   0x0000000000004a58      0x9ec ./Drivers/STM32L4xx_HAL_Driver/Src/stm32l4xx_hal_uart.o
 .debug_frame   0x0000000000005444      0x7bc ./Drivers/STM32L4xx_HAL_Driver/Src/stm32l4xx_ll_usb.o
 .debug_frame   0x0000000000005c00       0x2c /opt/st/stm32cubeide_1.4.0/plugins/com.st.stm32cube.ide.mcu.externaltools.gnu-tools-for-stm32.9-2020-q2-update.linux64_2.0.0.202105311346/tools/bin/../lib/gcc/arm-none-eabi/9.3.1/../../../../arm-none-eabi/lib/thumb/v7e-m+fp/hard/libc_nano.a(lib_a-init.o)
 .debug_frame   0x0000000000005c2c       0x20 /opt/st/stm32cubeide_1.4.0/plugins/com.st.stm32cube.ide.mcu.externaltools.gnu-tools-for-stm32.9-2020-q2-update.linux64_2.0.0.202105311346/tools/bin/../lib/gcc/arm-none-eabi/9.3.1/../../../../arm-none-eabi/lib/thumb/v7e-m+fp/hard/libc_nano.a(lib_a-memset.o)
 .debug_frame   0x0000000000005c4c       0x2c /opt/st/stm32cubeide_1.4.0/plugins/com.st.stm32cube.ide.mcu.externaltools.gnu-tools-for-stm32.9-2020-q2-update.linux64_2.0.0.202105311346/tools/bin/../lib/gcc/arm-none-eabi/9.3.1/thumb/v7e-m+fp/hard/libgcc.a(_aeabi_uldivmod.o)
 .debug_frame   0x0000000000005c78       0x34 /opt/st/stm32cubeide_1.4.0/plugins/com.st.stm32cube.ide.mcu.externaltools.gnu-tools-for-stm32.9-2020-q2-update.linux64_2.0.0.202105311346/tools/bin/../lib/gcc/arm-none-eabi/9.3.1/thumb/v7e-m+fp/hard/libgcc.a(_udivmoddi4.o)
