main.c:93:5:main	8	static
main.c:150:6:SystemClock_Config	96	static
main.c:207:13:MX_DFSDM1_Init	8	static
main.c:245:13:MX_I2C2_Init	8	static
main.c:291:13:MX_QUADSPI_Init	8	static
main.c:324:13:MX_SPI3_Init	8	static
main.c:364:13:MX_TIM2_Init	40	static
main.c:409:13:MX_USART1_UART_Init	8	static
main.c:444:13:MX_USART3_UART_Init	8	static
main.c:479:13:MX_USB_OTG_FS_PCD_Init	8	static
main.c:514:13:MX_GPIO_Init	48	static
main.c:690:10:ReadHardwareTimer	16	static
main.c:696:10:ReadTimerOverflow	4	static
main.c:702:6:HAL_TIM_PeriodElapsedCallback	16	static
main.c:719:6:Error_Handler	4	static,ignoring_inline_asm
